Jan 17 09:26:57 ubuntu anacron[1237]: Job `cron.daily' terminated
Jan 17 09:26:57 ubuntu anacron[1237]: Normal exit (1 job run)
Jan 17 09:31:16 ubuntu uptimed: moving up to position 4: 0 days, 00:20:08
Jan 17 09:37:51 ubuntu dhclient: DHCPREQUEST of 172.16.219.139 on eth0 to 172.16.219.254 port 67 (xid=0x675c5a0e)
Jan 17 09:37:51 ubuntu dhclient: DHCPACK of 172.16.219.139 from 172.16.219.254
Jan 17 09:37:51 ubuntu NetworkManager[978]: <info> (eth0): DHCPv4 state changed bound -> renew
Jan 17 09:37:51 ubuntu dhclient: bound to 172.16.219.139 -- renewal in 897 seconds.
Jan 17 09:37:51 ubuntu NetworkManager[978]: <info>   address 172.16.219.139
Jan 17 09:37:51 ubuntu NetworkManager[978]: <info>   prefix 24 (255.255.255.0)
Jan 17 09:37:51 ubuntu NetworkManager[978]: <info>   gateway 172.16.219.2
Jan 17 09:37:51 ubuntu NetworkManager[978]: <info>   nameserver '172.16.219.2'
Jan 17 09:37:51 ubuntu NetworkManager[978]: <info>   domain name 'localdomain'
Jan 17 09:37:51 ubuntu NetworkManager[978]: <info>   wins '172.16.219.2'
Jan 17 09:37:51 ubuntu dbus[681]: [system] Activating service name='org.freedesktop.nm_dispatcher' (using servicehelper)
Jan 17 09:37:51 ubuntu dbus[681]: [system] Successfully activated service 'org.freedesktop.nm_dispatcher'
Jan 17 09:41:16 ubuntu uptimed: moving up to position 3: 0 days, 00:30:08
Jan 17 09:52:48 ubuntu dhclient: DHCPREQUEST of 172.16.219.139 on eth0 to 172.16.219.254 port 67 (xid=0x675c5a0e)
Jan 17 09:52:48 ubuntu dhclient: DHCPACK of 172.16.219.139 from 172.16.219.254
Jan 17 09:52:48 ubuntu dhclient: bound to 172.16.219.139 -- renewal in 727 seconds.
Jan 17 09:52:48 ubuntu NetworkManager[978]: <info> (eth0): DHCPv4 state changed renew -> renew
Jan 17 09:52:48 ubuntu NetworkManager[978]: <info>   address 172.16.219.139
Jan 17 09:52:48 ubuntu NetworkManager[978]: <info>   prefix 24 (255.255.255.0)
Jan 17 09:52:48 ubuntu NetworkManager[978]: <info>   gateway 172.16.219.2
Jan 17 09:52:48 ubuntu NetworkManager[978]: <info>   nameserver '172.16.219.2'
Jan 17 09:52:48 ubuntu NetworkManager[978]: <info>   domain name 'localdomain'
Jan 17 09:52:48 ubuntu NetworkManager[978]: <info>   wins '172.16.219.2'
Jan 17 09:52:48 ubuntu dbus[681]: [system] Activating service name='org.freedesktop.nm_dispatcher' (using servicehelper)
Jan 17 09:52:48 ubuntu dbus[681]: [system] Successfully activated service 'org.freedesktop.nm_dispatcher'
Jan 17 09:53:25 ubuntu os-prober: debug: running /usr/lib/os-probes/50mounted-tests on /dev/sda2
Jan 17 09:53:25 ubuntu 50mounted-tests: debug: /dev/sda2 type not recognised; skipping
Jan 17 09:53:25 ubuntu os-prober: debug: os detected by /usr/lib/os-probes/50mounted-tests
Jan 17 09:53:25 ubuntu os-prober: debug: /dev/sda5: is active swap
Jan 17 09:53:58 ubuntu kernel: [  269.016439] hello world/n
Jan 17 09:53:58 ubuntu kernel: [ 2570.487730] hello world/nsyscall[36319]: segfault at 0 ip 00000000004005e6 sp 00007fffb43e63b0 error 4 in syscall[400000+1000]
Jan 17 09:54:08 ubuntu rsyslogd: [origin software="rsyslogd" swVersion="7.4.4" x-pid="756" x-info="http://www.rsyslog.com"] exiting on signal 15.
Jan 17 09:54:17 ubuntu rsyslogd: [origin software="rsyslogd" swVersion="7.4.4" x-pid="751" x-info="http://www.rsyslog.com"] start
Jan 17 09:54:17 ubuntu rsyslogd: rsyslogd's groupid changed to 104
Jan 17 09:54:17 ubuntu rsyslogd: rsyslogd's userid changed to 101
Jan 17 09:54:17 ubuntu kernel: [    0.000000] Initializing cgroup subsys cpuset
Jan 17 09:54:17 ubuntu kernel: [    0.000000] Initializing cgroup subsys cpu
Jan 17 09:54:17 ubuntu kernel: [    0.000000] Initializing cgroup subsys cpuacct
Jan 17 09:54:17 ubuntu kernel: [    0.000000] Linux version 3.13.11-ckt12brandon (root@ubuntu) (gcc version 4.8.2 (Ubuntu 4.8.2-19ubuntu1) ) #3 SMP Sat Jan 17 09:51:29 MST 2015 (Ubuntu 3.13.0-44.73-generic 3.13.11-ckt12)
Jan 17 09:54:17 ubuntu kernel: [    0.000000] Command line: BOOT_IMAGE=/boot/vmlinuz-3.13.11-ckt12brandon root=UUID=fa977f55-f646-4ef3-933e-63e4f6a2584e ro find_preseed=/preseed.cfg auto noprompt priority=critical locale=en_US crashkernel=384M-:128M
Jan 17 09:54:17 ubuntu kernel: [    0.000000] KERNEL supported cpus:
Jan 17 09:54:17 ubuntu kernel: [    0.000000]   Intel GenuineIntel
Jan 17 09:54:17 ubuntu kernel: [    0.000000]   AMD AuthenticAMD
Jan 17 09:54:17 ubuntu kernel: [    0.000000]   Centaur CentaurHauls
Jan 17 09:54:17 ubuntu kernel: [    0.000000] Disabled fast string operations
Jan 17 09:54:17 ubuntu kernel: [    0.000000] e820: BIOS-provided physical RAM map:
Jan 17 09:54:17 ubuntu kernel: [    0.000000] BIOS-e820: [mem 0x0000000000000000-0x000000000009e7ff] usable
Jan 17 09:54:17 ubuntu kernel: [    0.000000] BIOS-e820: [mem 0x000000000009e800-0x000000000009ffff] reserved
Jan 17 09:54:17 ubuntu kernel: [    0.000000] BIOS-e820: [mem 0x00000000000dc000-0x00000000000fffff] reserved
Jan 17 09:54:17 ubuntu kernel: [    0.000000] BIOS-e820: [mem 0x0000000000100000-0x000000003fedffff] usable
Jan 17 09:54:17 ubuntu kernel: [    0.000000] BIOS-e820: [mem 0x000000003fee0000-0x000000003fefefff] ACPI data
Jan 17 09:54:17 ubuntu kernel: [    0.000000] BIOS-e820: [mem 0x000000003feff000-0x000000003fefffff] ACPI NVS
Jan 17 09:54:17 ubuntu kernel: [    0.000000] BIOS-e820: [mem 0x000000003ff00000-0x000000003fffffff] usable
Jan 17 09:54:17 ubuntu kernel: [    0.000000] BIOS-e820: [mem 0x00000000f0000000-0x00000000f7ffffff] reserved
Jan 17 09:54:17 ubuntu kernel: [    0.000000] BIOS-e820: [mem 0x00000000fec00000-0x00000000fec0ffff] reserved
Jan 17 09:54:17 ubuntu kernel: [    0.000000] BIOS-e820: [mem 0x00000000fee00000-0x00000000fee00fff] reserved
Jan 17 09:54:17 ubuntu kernel: [    0.000000] BIOS-e820: [mem 0x00000000fffe0000-0x00000000ffffffff] reserved
Jan 17 09:54:17 ubuntu kernel: [    0.000000] NX (Execute Disable) protection: active
Jan 17 09:54:17 ubuntu kernel: [    0.000000] SMBIOS 2.4 present.
Jan 17 09:54:17 ubuntu kernel: [    0.000000] DMI: VMware, Inc. VMware Virtual Platform/440BX Desktop Reference Platform, BIOS 6.00 05/20/2014
Jan 17 09:54:17 ubuntu kernel: [    0.000000] Hypervisor detected: VMware
Jan 17 09:54:17 ubuntu kernel: [    0.000000] e820: update [mem 0x00000000-0x00000fff] usable ==> reserved
Jan 17 09:54:17 ubuntu kernel: [    0.000000] e820: remove [mem 0x000a0000-0x000fffff] usable
Jan 17 09:54:17 ubuntu kernel: [    0.000000] No AGP bridge found
Jan 17 09:54:17 ubuntu kernel: [    0.000000] e820: last_pfn = 0x40000 max_arch_pfn = 0x400000000
Jan 17 09:54:17 ubuntu kernel: [    0.000000] MTRR default type: uncachable
Jan 17 09:54:17 ubuntu kernel: [    0.000000] MTRR fixed ranges enabled:
Jan 17 09:54:17 ubuntu kernel: [    0.000000]   00000-9FFFF write-back
Jan 17 09:54:17 ubuntu kernel: [    0.000000]   A0000-BFFFF uncachable
Jan 17 09:54:17 ubuntu kernel: [    0.000000]   C0000-CFFFF write-protect
Jan 17 09:54:17 ubuntu kernel: [    0.000000]   D0000-EFFFF uncachable
Jan 17 09:54:17 ubuntu kernel: [    0.000000]   F0000-FFFFF write-protect
Jan 17 09:54:17 ubuntu kernel: [    0.000000] MTRR variable ranges enabled:
Jan 17 09:54:17 ubuntu kernel: [    0.000000]   0 base 00000000000 mask 3FFC0000000 write-back
Jan 17 09:54:17 ubuntu kernel: [    0.000000]   1 disabled
Jan 17 09:54:17 ubuntu kernel: [    0.000000]   2 disabled
Jan 17 09:54:17 ubuntu kernel: [    0.000000]   3 disabled
Jan 17 09:54:17 ubuntu kernel: [    0.000000]   4 disabled
Jan 17 09:54:17 ubuntu kernel: [    0.000000]   5 disabled
Jan 17 09:54:17 ubuntu kernel: [    0.000000]   6 disabled
Jan 17 09:54:17 ubuntu kernel: [    0.000000]   7 disabled
Jan 17 09:54:17 ubuntu kernel: [    0.000000] x86 PAT enabled: cpu 0, old 0x7040600070406, new 0x7010600070106
Jan 17 09:54:17 ubuntu kernel: [    0.000000] found SMP MP-table at [mem 0x000f6b30-0x000f6b3f] mapped at [ffff8800000f6b30]
Jan 17 09:54:17 ubuntu kernel: [    0.000000] Scanning 1 areas for low memory corruption
Jan 17 09:54:17 ubuntu kernel: [    0.000000] Base memory trampoline at [ffff880000098000] 98000 size 24576
Jan 17 09:54:17 ubuntu kernel: [    0.000000] init_memory_mapping: [mem 0x00000000-0x000fffff]
Jan 17 09:54:17 ubuntu kernel: [    0.000000]  [mem 0x00000000-0x000fffff] page 4k
Jan 17 09:54:17 ubuntu kernel: [    0.000000] BRK [0x01fdb000, 0x01fdbfff] PGTABLE
Jan 17 09:54:17 ubuntu kernel: [    0.000000] BRK [0x01fdc000, 0x01fdcfff] PGTABLE
Jan 17 09:54:17 ubuntu kernel: [    0.000000] BRK [0x01fdd000, 0x01fddfff] PGTABLE
Jan 17 09:54:17 ubuntu kernel: [    0.000000] init_memory_mapping: [mem 0x3fc00000-0x3fdfffff]
Jan 17 09:54:17 ubuntu kernel: [    0.000000]  [mem 0x3fc00000-0x3fdfffff] page 2M
Jan 17 09:54:17 ubuntu kernel: [    0.000000] init_memory_mapping: [mem 0x3c000000-0x3fbfffff]
Jan 17 09:54:17 ubuntu kernel: [    0.000000]  [mem 0x3c000000-0x3fbfffff] page 2M
Jan 17 09:54:17 ubuntu kernel: [    0.000000] init_memory_mapping: [mem 0x00100000-0x3bffffff]
Jan 17 09:54:17 ubuntu kernel: [    0.000000]  [mem 0x00100000-0x001fffff] page 4k
Jan 17 09:54:17 ubuntu kernel: [    0.000000]  [mem 0x00200000-0x3bffffff] page 2M
Jan 17 09:54:17 ubuntu kernel: [    0.000000] init_memory_mapping: [mem 0x3fe00000-0x3fedffff]
Jan 17 09:54:17 ubuntu kernel: [    0.000000]  [mem 0x3fe00000-0x3fedffff] page 4k
Jan 17 09:54:17 ubuntu kernel: [    0.000000] BRK [0x01fde000, 0x01fdefff] PGTABLE
Jan 17 09:54:17 ubuntu kernel: [    0.000000] init_memory_mapping: [mem 0x3ff00000-0x3fffffff]
Jan 17 09:54:17 ubuntu kernel: [    0.000000]  [mem 0x3ff00000-0x3fffffff] page 4k
Jan 17 09:54:17 ubuntu kernel: [    0.000000] RAMDISK: [mem 0x3731c000-0x37985fff]
Jan 17 09:54:17 ubuntu kernel: [    0.000000] ACPI: RSDP 00000000000f6ac0 000024 (v02 PTLTD )
Jan 17 09:54:17 ubuntu kernel: [    0.000000] ACPI: XSDT 000000003feeb633 00005C (v01 INTEL  440BX    06040000 VMW  01324272)
Jan 17 09:54:17 ubuntu kernel: [    0.000000] ACPI: FACP 000000003fefee73 0000F4 (v04 INTEL  440BX    06040000 PTL  000F4240)
Jan 17 09:54:17 ubuntu kernel: [    0.000000] ACPI: DSDT 000000003feecd6f 012104 (v01 PTLTD  Custom   06040000 MSFT 03000001)
Jan 17 09:54:17 ubuntu kernel: [    0.000000] ACPI: FACS 000000003fefffc0 000040
Jan 17 09:54:17 ubuntu kernel: [    0.000000] ACPI: BOOT 000000003feecd47 000028 (v01 PTLTD  $SBFTBL$ 06040000  LTP 00000001)
Jan 17 09:54:17 ubuntu kernel: [    0.000000] ACPI: APIC 000000003feec605 000742 (v01 PTLTD  ? APIC   06040000  LTP 00000000)
Jan 17 09:54:17 ubuntu kernel: [    0.000000] ACPI: MCFG 000000003feec5c9 00003C (v01 PTLTD  $PCITBL$ 06040000  LTP 00000001)
Jan 17 09:54:17 ubuntu kernel: [    0.000000] ACPI: SRAT 000000003feeb72f 0008D0 (v02 VMWARE MEMPLUG  06040000 VMW  00000001)
Jan 17 09:54:17 ubuntu kernel: [    0.000000] ACPI: HPET 000000003feeb6f7 000038 (v01 VMWARE VMW HPET 06040000 VMW  00000001)
Jan 17 09:54:17 ubuntu kernel: [    0.000000] ACPI: WAET 000000003feeb6cf 000028 (v01 VMWARE VMW WAET 06040000 VMW  00000001)
Jan 17 09:54:17 ubuntu kernel: [    0.000000] ACPI: Local APIC address 0xfee00000
Jan 17 09:54:17 ubuntu kernel: [    0.000000] system APIC only can use physical flat
Jan 17 09:54:17 ubuntu kernel: [    0.000000] Setting APIC routing to physical flat.
Jan 17 09:54:17 ubuntu kernel: [    0.000000] SRAT: PXM 0 -> APIC 0x00 -> Node 0
Jan 17 09:54:17 ubuntu kernel: [    0.000000] SRAT: PXM 0 -> APIC 0x02 -> Node 0
Jan 17 09:54:17 ubuntu kernel: [    0.000000] SRAT: PXM 0 -> APIC 0x04 -> Node 0
Jan 17 09:54:17 ubuntu kernel: [    0.000000] SRAT: PXM 0 -> APIC 0x06 -> Node 0
Jan 17 09:54:17 ubuntu kernel: [    0.000000] SRAT: PXM 0 -> APIC 0x08 -> Node 0
Jan 17 09:54:17 ubuntu kernel: [    0.000000] SRAT: PXM 0 -> APIC 0x0a -> Node 0
Jan 17 09:54:17 ubuntu kernel: [    0.000000] SRAT: PXM 0 -> APIC 0x0c -> Node 0
Jan 17 09:54:17 ubuntu kernel: [    0.000000] SRAT: PXM 0 -> APIC 0x0e -> Node 0
Jan 17 09:54:17 ubuntu kernel: [    0.000000] SRAT: PXM 0 -> APIC 0x10 -> Node 0
Jan 17 09:54:17 ubuntu kernel: [    0.000000] SRAT: PXM 0 -> APIC 0x12 -> Node 0
Jan 17 09:54:17 ubuntu kernel: [    0.000000] SRAT: PXM 0 -> APIC 0x14 -> Node 0
Jan 17 09:54:17 ubuntu kernel: [    0.000000] SRAT: PXM 0 -> APIC 0x16 -> Node 0
Jan 17 09:54:17 ubuntu kernel: [    0.000000] SRAT: PXM 0 -> APIC 0x18 -> Node 0
Jan 17 09:54:17 ubuntu kernel: [    0.000000] SRAT: PXM 0 -> APIC 0x1a -> Node 0
Jan 17 09:54:17 ubuntu kernel: [    0.000000] SRAT: PXM 0 -> APIC 0x1c -> Node 0
Jan 17 09:54:17 ubuntu kernel: [    0.000000] SRAT: PXM 0 -> APIC 0x1e -> Node 0
Jan 17 09:54:17 ubuntu kernel: [    0.000000] SRAT: PXM 0 -> APIC 0x20 -> Node 0
Jan 17 09:54:17 ubuntu kernel: [    0.000000] SRAT: PXM 0 -> APIC 0x22 -> Node 0
Jan 17 09:54:17 ubuntu kernel: [    0.000000] SRAT: PXM 0 -> APIC 0x24 -> Node 0
Jan 17 09:54:17 ubuntu kernel: [    0.000000] SRAT: PXM 0 -> APIC 0x26 -> Node 0
Jan 17 09:54:17 ubuntu kernel: [    0.000000] SRAT: PXM 0 -> APIC 0x28 -> Node 0
Jan 17 09:54:17 ubuntu kernel: [    0.000000] SRAT: PXM 0 -> APIC 0x2a -> Node 0
Jan 17 09:54:17 ubuntu kernel: [    0.000000] SRAT: PXM 0 -> APIC 0x2c -> Node 0
Jan 17 09:54:17 ubuntu kernel: [    0.000000] SRAT: PXM 0 -> APIC 0x2e -> Node 0
Jan 17 09:54:17 ubuntu kernel: [    0.000000] SRAT: PXM 0 -> APIC 0x30 -> Node 0
Jan 17 09:54:17 ubuntu kernel: [    0.000000] SRAT: PXM 0 -> APIC 0x32 -> Node 0
Jan 17 09:54:17 ubuntu kernel: [    0.000000] SRAT: PXM 0 -> APIC 0x34 -> Node 0
Jan 17 09:54:17 ubuntu kernel: [    0.000000] SRAT: PXM 0 -> APIC 0x36 -> Node 0
Jan 17 09:54:17 ubuntu kernel: [    0.000000] SRAT: PXM 0 -> APIC 0x38 -> Node 0
Jan 17 09:54:17 ubuntu kernel: [    0.000000] SRAT: PXM 0 -> APIC 0x3a -> Node 0
Jan 17 09:54:17 ubuntu kernel: [    0.000000] SRAT: PXM 0 -> APIC 0x3c -> Node 0
Jan 17 09:54:17 ubuntu kernel: [    0.000000] SRAT: PXM 0 -> APIC 0x3e -> Node 0
Jan 17 09:54:17 ubuntu kernel: [    0.000000] SRAT: PXM 0 -> APIC 0x40 -> Node 0
Jan 17 09:54:17 ubuntu kernel: [    0.000000] SRAT: PXM 0 -> APIC 0x42 -> Node 0
Jan 17 09:54:17 ubuntu kernel: [    0.000000] SRAT: PXM 0 -> APIC 0x44 -> Node 0
Jan 17 09:54:17 ubuntu kernel: [    0.000000] SRAT: PXM 0 -> APIC 0x46 -> Node 0
Jan 17 09:54:17 ubuntu kernel: [    0.000000] SRAT: PXM 0 -> APIC 0x48 -> Node 0
Jan 17 09:54:17 ubuntu kernel: [    0.000000] SRAT: PXM 0 -> APIC 0x4a -> Node 0
Jan 17 09:54:17 ubuntu kernel: [    0.000000] SRAT: PXM 0 -> APIC 0x4c -> Node 0
Jan 17 09:54:17 ubuntu kernel: [    0.000000] SRAT: PXM 0 -> APIC 0x4e -> Node 0
Jan 17 09:54:17 ubuntu kernel: [    0.000000] SRAT: PXM 0 -> APIC 0x50 -> Node 0
Jan 17 09:54:17 ubuntu kernel: [    0.000000] SRAT: PXM 0 -> APIC 0x52 -> Node 0
Jan 17 09:54:17 ubuntu kernel: [    0.000000] SRAT: PXM 0 -> APIC 0x54 -> Node 0
Jan 17 09:54:17 ubuntu kernel: [    0.000000] SRAT: PXM 0 -> APIC 0x56 -> Node 0
Jan 17 09:54:17 ubuntu kernel: [    0.000000] SRAT: PXM 0 -> APIC 0x58 -> Node 0
Jan 17 09:54:17 ubuntu kernel: [    0.000000] SRAT: PXM 0 -> APIC 0x5a -> Node 0
Jan 17 09:54:17 ubuntu kernel: [    0.000000] SRAT: PXM 0 -> APIC 0x5c -> Node 0
Jan 17 09:54:17 ubuntu kernel: [    0.000000] SRAT: PXM 0 -> APIC 0x5e -> Node 0
Jan 17 09:54:17 ubuntu kernel: [    0.000000] SRAT: PXM 0 -> APIC 0x60 -> Node 0
Jan 17 09:54:17 ubuntu kernel: [    0.000000] SRAT: PXM 0 -> APIC 0x62 -> Node 0
Jan 17 09:54:17 ubuntu kernel: [    0.000000] SRAT: PXM 0 -> APIC 0x64 -> Node 0
Jan 17 09:54:17 ubuntu kernel: [    0.000000] SRAT: PXM 0 -> APIC 0x66 -> Node 0
Jan 17 09:54:17 ubuntu kernel: [    0.000000] SRAT: PXM 0 -> APIC 0x68 -> Node 0
Jan 17 09:54:17 ubuntu kernel: [    0.000000] SRAT: PXM 0 -> APIC 0x6a -> Node 0
Jan 17 09:54:17 ubuntu kernel: [    0.000000] SRAT: PXM 0 -> APIC 0x6c -> Node 0
Jan 17 09:54:17 ubuntu kernel: [    0.000000] SRAT: PXM 0 -> APIC 0x6e -> Node 0
Jan 17 09:54:17 ubuntu kernel: [    0.000000] SRAT: PXM 0 -> APIC 0x70 -> Node 0
Jan 17 09:54:17 ubuntu kernel: [    0.000000] SRAT: PXM 0 -> APIC 0x72 -> Node 0
Jan 17 09:54:17 ubuntu kernel: [    0.000000] SRAT: PXM 0 -> APIC 0x74 -> Node 0
Jan 17 09:54:17 ubuntu kernel: [    0.000000] SRAT: PXM 0 -> APIC 0x76 -> Node 0
Jan 17 09:54:17 ubuntu kernel: [    0.000000] SRAT: PXM 0 -> APIC 0x78 -> Node 0
Jan 17 09:54:17 ubuntu kernel: [    0.000000] SRAT: PXM 0 -> APIC 0x7a -> Node 0
Jan 17 09:54:17 ubuntu kernel: [    0.000000] SRAT: PXM 0 -> APIC 0x7c -> Node 0
Jan 17 09:54:17 ubuntu kernel: [    0.000000] SRAT: PXM 0 -> APIC 0x7e -> Node 0
Jan 17 09:54:17 ubuntu kernel: [    0.000000] SRAT: PXM 0 -> APIC 0x80 -> Node 0
Jan 17 09:54:17 ubuntu kernel: [    0.000000] SRAT: PXM 0 -> APIC 0x82 -> Node 0
Jan 17 09:54:17 ubuntu kernel: [    0.000000] SRAT: PXM 0 -> APIC 0x84 -> Node 0
Jan 17 09:54:17 ubuntu kernel: [    0.000000] SRAT: PXM 0 -> APIC 0x86 -> Node 0
Jan 17 09:54:17 ubuntu kernel: [    0.000000] SRAT: PXM 0 -> APIC 0x88 -> Node 0
Jan 17 09:54:17 ubuntu kernel: [    0.000000] SRAT: PXM 0 -> APIC 0x8a -> Node 0
Jan 17 09:54:17 ubuntu kernel: [    0.000000] SRAT: PXM 0 -> APIC 0x8c -> Node 0
Jan 17 09:54:17 ubuntu kernel: [    0.000000] SRAT: PXM 0 -> APIC 0x8e -> Node 0
Jan 17 09:54:17 ubuntu kernel: [    0.000000] SRAT: PXM 0 -> APIC 0x90 -> Node 0
Jan 17 09:54:17 ubuntu kernel: [    0.000000] SRAT: PXM 0 -> APIC 0x92 -> Node 0
Jan 17 09:54:17 ubuntu kernel: [    0.000000] SRAT: PXM 0 -> APIC 0x94 -> Node 0
Jan 17 09:54:17 ubuntu kernel: [    0.000000] SRAT: PXM 0 -> APIC 0x96 -> Node 0
Jan 17 09:54:17 ubuntu kernel: [    0.000000] SRAT: PXM 0 -> APIC 0x98 -> Node 0
Jan 17 09:54:17 ubuntu kernel: [    0.000000] SRAT: PXM 0 -> APIC 0x9a -> Node 0
Jan 17 09:54:17 ubuntu kernel: [    0.000000] SRAT: PXM 0 -> APIC 0x9c -> Node 0
Jan 17 09:54:17 ubuntu kernel: [    0.000000] SRAT: PXM 0 -> APIC 0x9e -> Node 0
Jan 17 09:54:17 ubuntu kernel: [    0.000000] SRAT: PXM 0 -> APIC 0xa0 -> Node 0
Jan 17 09:54:17 ubuntu kernel: [    0.000000] SRAT: PXM 0 -> APIC 0xa2 -> Node 0
Jan 17 09:54:17 ubuntu kernel: [    0.000000] SRAT: PXM 0 -> APIC 0xa4 -> Node 0
Jan 17 09:54:17 ubuntu kernel: [    0.000000] SRAT: PXM 0 -> APIC 0xa6 -> Node 0
Jan 17 09:54:17 ubuntu kernel: [    0.000000] SRAT: PXM 0 -> APIC 0xa8 -> Node 0
Jan 17 09:54:17 ubuntu kernel: [    0.000000] SRAT: PXM 0 -> APIC 0xaa -> Node 0
Jan 17 09:54:17 ubuntu kernel: [    0.000000] SRAT: PXM 0 -> APIC 0xac -> Node 0
Jan 17 09:54:17 ubuntu kernel: [    0.000000] SRAT: PXM 0 -> APIC 0xae -> Node 0
Jan 17 09:54:17 ubuntu kernel: [    0.000000] SRAT: PXM 0 -> APIC 0xb0 -> Node 0
Jan 17 09:54:17 ubuntu kernel: [    0.000000] SRAT: PXM 0 -> APIC 0xb2 -> Node 0
Jan 17 09:54:17 ubuntu kernel: [    0.000000] SRAT: PXM 0 -> APIC 0xb4 -> Node 0
Jan 17 09:54:17 ubuntu kernel: [    0.000000] SRAT: PXM 0 -> APIC 0xb6 -> Node 0
Jan 17 09:54:17 ubuntu kernel: [    0.000000] SRAT: PXM 0 -> APIC 0xb8 -> Node 0
Jan 17 09:54:17 ubuntu kernel: [    0.000000] SRAT: PXM 0 -> APIC 0xba -> Node 0
Jan 17 09:54:17 ubuntu kernel: [    0.000000] SRAT: PXM 0 -> APIC 0xbc -> Node 0
Jan 17 09:54:17 ubuntu kernel: [    0.000000] SRAT: PXM 0 -> APIC 0xbe -> Node 0
Jan 17 09:54:17 ubuntu kernel: [    0.000000] SRAT: PXM 0 -> APIC 0xc0 -> Node 0
Jan 17 09:54:17 ubuntu kernel: [    0.000000] SRAT: PXM 0 -> APIC 0xc2 -> Node 0
Jan 17 09:54:17 ubuntu kernel: [    0.000000] SRAT: PXM 0 -> APIC 0xc4 -> Node 0
Jan 17 09:54:17 ubuntu kernel: [    0.000000] SRAT: PXM 0 -> APIC 0xc6 -> Node 0
Jan 17 09:54:17 ubuntu kernel: [    0.000000] SRAT: PXM 0 -> APIC 0xc8 -> Node 0
Jan 17 09:54:17 ubuntu kernel: [    0.000000] SRAT: PXM 0 -> APIC 0xca -> Node 0
Jan 17 09:54:17 ubuntu kernel: [    0.000000] SRAT: PXM 0 -> APIC 0xcc -> Node 0
Jan 17 09:54:17 ubuntu kernel: [    0.000000] SRAT: PXM 0 -> APIC 0xce -> Node 0
Jan 17 09:54:17 ubuntu kernel: [    0.000000] SRAT: PXM 0 -> APIC 0xd0 -> Node 0
Jan 17 09:54:17 ubuntu kernel: [    0.000000] SRAT: PXM 0 -> APIC 0xd2 -> Node 0
Jan 17 09:54:17 ubuntu kernel: [    0.000000] SRAT: PXM 0 -> APIC 0xd4 -> Node 0
Jan 17 09:54:17 ubuntu kernel: [    0.000000] SRAT: PXM 0 -> APIC 0xd6 -> Node 0
Jan 17 09:54:17 ubuntu kernel: [    0.000000] SRAT: PXM 0 -> APIC 0xd8 -> Node 0
Jan 17 09:54:17 ubuntu kernel: [    0.000000] SRAT: PXM 0 -> APIC 0xda -> Node 0
Jan 17 09:54:17 ubuntu kernel: [    0.000000] SRAT: PXM 0 -> APIC 0xdc -> Node 0
Jan 17 09:54:17 ubuntu kernel: [    0.000000] SRAT: PXM 0 -> APIC 0xde -> Node 0
Jan 17 09:54:17 ubuntu kernel: [    0.000000] SRAT: PXM 0 -> APIC 0xe0 -> Node 0
Jan 17 09:54:17 ubuntu kernel: [    0.000000] SRAT: PXM 0 -> APIC 0xe2 -> Node 0
Jan 17 09:54:17 ubuntu kernel: [    0.000000] SRAT: PXM 0 -> APIC 0xe4 -> Node 0
Jan 17 09:54:17 ubuntu kernel: [    0.000000] SRAT: PXM 0 -> APIC 0xe6 -> Node 0
Jan 17 09:54:17 ubuntu kernel: [    0.000000] SRAT: PXM 0 -> APIC 0xe8 -> Node 0
Jan 17 09:54:17 ubuntu kernel: [    0.000000] SRAT: PXM 0 -> APIC 0xea -> Node 0
Jan 17 09:54:17 ubuntu kernel: [    0.000000] SRAT: PXM 0 -> APIC 0xec -> Node 0
Jan 17 09:54:17 ubuntu kernel: [    0.000000] SRAT: PXM 0 -> APIC 0xee -> Node 0
Jan 17 09:54:17 ubuntu kernel: [    0.000000] SRAT: PXM 0 -> APIC 0xf0 -> Node 0
Jan 17 09:54:17 ubuntu kernel: [    0.000000] SRAT: PXM 0 -> APIC 0xf2 -> Node 0
Jan 17 09:54:17 ubuntu kernel: [    0.000000] SRAT: PXM 0 -> APIC 0xf4 -> Node 0
Jan 17 09:54:17 ubuntu kernel: [    0.000000] SRAT: PXM 0 -> APIC 0xf6 -> Node 0
Jan 17 09:54:17 ubuntu kernel: [    0.000000] SRAT: PXM 0 -> APIC 0xf8 -> Node 0
Jan 17 09:54:17 ubuntu kernel: [    0.000000] SRAT: PXM 0 -> APIC 0xfa -> Node 0
Jan 17 09:54:17 ubuntu kernel: [    0.000000] SRAT: PXM 0 -> APIC 0xfc -> Node 0
Jan 17 09:54:17 ubuntu kernel: [    0.000000] SRAT: PXM 0 -> APIC 0xfe -> Node 0
Jan 17 09:54:17 ubuntu kernel: [    0.000000] SRAT: Node 0 PXM 0 [mem 0x00000000-0x0009ffff]
Jan 17 09:54:17 ubuntu kernel: [    0.000000] SRAT: Node 0 PXM 0 [mem 0x00100000-0x0fffffff]
Jan 17 09:54:17 ubuntu kernel: [    0.000000] SRAT: Node 0 PXM 0 [mem 0x10000000-0x3fffffff]
Jan 17 09:54:17 ubuntu kernel: [    0.000000] SRAT: Node 0 PXM 0 [mem 0x40000000-0xbfffffff] hotplug
Jan 17 09:54:17 ubuntu kernel: [    0.000000] NUMA: Node 0 [mem 0x00000000-0x0009ffff] + [mem 0x00100000-0x0fffffff] -> [mem 0x00000000-0x0fffffff]
Jan 17 09:54:17 ubuntu kernel: [    0.000000] NUMA: Node 0 [mem 0x00000000-0x0fffffff] + [mem 0x10000000-0x3fffffff] -> [mem 0x00000000-0x3fffffff]
Jan 17 09:54:17 ubuntu kernel: [    0.000000] Initmem setup node 0 [mem 0x00000000-0x3fffffff]
Jan 17 09:54:17 ubuntu kernel: [    0.000000]   NODE_DATA [mem 0x3fffb000-0x3fffffff]
Jan 17 09:54:17 ubuntu kernel: [    0.000000] Reserving 128MB of memory at 752MB for crashkernel (System RAM: 1023MB)
Jan 17 09:54:17 ubuntu kernel: [    0.000000]  [ffffea0000000000-ffffea0000ffffff] PMD -> [ffff88003e600000-ffff88003f5fffff] on node 0
Jan 17 09:54:17 ubuntu kernel: [    0.000000] Zone ranges:
Jan 17 09:54:17 ubuntu kernel: [    0.000000]   DMA      [mem 0x00001000-0x00ffffff]
Jan 17 09:54:17 ubuntu kernel: [    0.000000]   DMA32    [mem 0x01000000-0xffffffff]
Jan 17 09:54:17 ubuntu kernel: [    0.000000]   Normal   empty
Jan 17 09:54:17 ubuntu kernel: [    0.000000] Movable zone start for each node
Jan 17 09:54:17 ubuntu kernel: [    0.000000] Early memory node ranges
Jan 17 09:54:17 ubuntu kernel: [    0.000000]   node   0: [mem 0x00001000-0x0009dfff]
Jan 17 09:54:17 ubuntu kernel: [    0.000000]   node   0: [mem 0x00100000-0x3fedffff]
Jan 17 09:54:17 ubuntu kernel: [    0.000000]   node   0: [mem 0x3ff00000-0x3fffffff]
Jan 17 09:54:17 ubuntu kernel: [    0.000000] On node 0 totalpages: 262013
Jan 17 09:54:17 ubuntu kernel: [    0.000000]   DMA zone: 64 pages used for memmap
Jan 17 09:54:17 ubuntu kernel: [    0.000000]   DMA zone: 21 pages reserved
Jan 17 09:54:17 ubuntu kernel: [    0.000000]   DMA zone: 3997 pages, LIFO batch:0
Jan 17 09:54:17 ubuntu kernel: [    0.000000]   DMA32 zone: 4032 pages used for memmap
Jan 17 09:54:17 ubuntu kernel: [    0.000000]   DMA32 zone: 258016 pages, LIFO batch:31
Jan 17 09:54:17 ubuntu kernel: [    0.000000] ACPI: PM-Timer IO Port: 0x1008
Jan 17 09:54:17 ubuntu kernel: [    0.000000] ACPI: Local APIC address 0xfee00000
Jan 17 09:54:17 ubuntu kernel: [    0.000000] system APIC only can use physical flat
Jan 17 09:54:17 ubuntu kernel: [    0.000000] ACPI: LAPIC (acpi_id[0x00] lapic_id[0x00] enabled)
Jan 17 09:54:17 ubuntu kernel: [    0.000000] ACPI: LAPIC (acpi_id[0x01] lapic_id[0x02] disabled)
Jan 17 09:54:17 ubuntu kernel: [    0.000000] ACPI: LAPIC (acpi_id[0x02] lapic_id[0x04] disabled)
Jan 17 09:54:17 ubuntu kernel: [    0.000000] ACPI: LAPIC (acpi_id[0x03] lapic_id[0x06] disabled)
Jan 17 09:54:17 ubuntu kernel: [    0.000000] ACPI: LAPIC (acpi_id[0x04] lapic_id[0x08] disabled)
Jan 17 09:54:17 ubuntu kernel: [    0.000000] ACPI: LAPIC (acpi_id[0x05] lapic_id[0x0a] disabled)
Jan 17 09:54:17 ubuntu kernel: [    0.000000] ACPI: LAPIC (acpi_id[0x06] lapic_id[0x0c] disabled)
Jan 17 09:54:17 ubuntu kernel: [    0.000000] ACPI: LAPIC (acpi_id[0x07] lapic_id[0x0e] disabled)
Jan 17 09:54:17 ubuntu kernel: [    0.000000] ACPI: LAPIC (acpi_id[0x08] lapic_id[0x10] disabled)
Jan 17 09:54:17 ubuntu kernel: [    0.000000] ACPI: LAPIC (acpi_id[0x09] lapic_id[0x12] disabled)
Jan 17 09:54:17 ubuntu kernel: [    0.000000] ACPI: LAPIC (acpi_id[0x0a] lapic_id[0x14] disabled)
Jan 17 09:54:17 ubuntu kernel: [    0.000000] ACPI: LAPIC (acpi_id[0x0b] lapic_id[0x16] disabled)
Jan 17 09:54:17 ubuntu kernel: [    0.000000] ACPI: LAPIC (acpi_id[0x0c] lapic_id[0x18] disabled)
Jan 17 09:54:17 ubuntu kernel: [    0.000000] ACPI: LAPIC (acpi_id[0x0d] lapic_id[0x1a] disabled)
Jan 17 09:54:17 ubuntu kernel: [    0.000000] ACPI: LAPIC (acpi_id[0x0e] lapic_id[0x1c] disabled)
Jan 17 09:54:17 ubuntu kernel: [    0.000000] ACPI: LAPIC (acpi_id[0x0f] lapic_id[0x1e] disabled)
Jan 17 09:54:17 ubuntu kernel: [    0.000000] ACPI: LAPIC (acpi_id[0x10] lapic_id[0x20] disabled)
Jan 17 09:54:17 ubuntu kernel: [    0.000000] ACPI: LAPIC (acpi_id[0x11] lapic_id[0x22] disabled)
Jan 17 09:54:17 ubuntu kernel: [    0.000000] ACPI: LAPIC (acpi_id[0x12] lapic_id[0x24] disabled)
Jan 17 09:54:17 ubuntu kernel: [    0.000000] ACPI: LAPIC (acpi_id[0x13] lapic_id[0x26] disabled)
Jan 17 09:54:17 ubuntu kernel: [    0.000000] ACPI: LAPIC (acpi_id[0x14] lapic_id[0x28] disabled)
Jan 17 09:54:17 ubuntu kernel: [    0.000000] ACPI: LAPIC (acpi_id[0x15] lapic_id[0x2a] disabled)
Jan 17 09:54:17 ubuntu kernel: [    0.000000] ACPI: LAPIC (acpi_id[0x16] lapic_id[0x2c] disabled)
Jan 17 09:54:17 ubuntu kernel: [    0.000000] ACPI: LAPIC (acpi_id[0x17] lapic_id[0x2e] disabled)
Jan 17 09:54:17 ubuntu kernel: [    0.000000] ACPI: LAPIC (acpi_id[0x18] lapic_id[0x30] disabled)
Jan 17 09:54:17 ubuntu kernel: [    0.000000] ACPI: LAPIC (acpi_id[0x19] lapic_id[0x32] disabled)
Jan 17 09:54:17 ubuntu kernel: [    0.000000] ACPI: LAPIC (acpi_id[0x1a] lapic_id[0x34] disabled)
Jan 17 09:54:17 ubuntu kernel: [    0.000000] ACPI: LAPIC (acpi_id[0x1b] lapic_id[0x36] disabled)
Jan 17 09:54:17 ubuntu kernel: [    0.000000] ACPI: LAPIC (acpi_id[0x1c] lapic_id[0x38] disabled)
Jan 17 09:54:17 ubuntu kernel: [    0.000000] ACPI: LAPIC (acpi_id[0x1d] lapic_id[0x3a] disabled)
Jan 17 09:54:17 ubuntu kernel: [    0.000000] ACPI: LAPIC (acpi_id[0x1e] lapic_id[0x3c] disabled)
Jan 17 09:54:17 ubuntu kernel: [    0.000000] ACPI: LAPIC (acpi_id[0x1f] lapic_id[0x3e] disabled)
Jan 17 09:54:17 ubuntu kernel: [    0.000000] ACPI: LAPIC (acpi_id[0x20] lapic_id[0x40] disabled)
Jan 17 09:54:17 ubuntu kernel: [    0.000000] ACPI: LAPIC (acpi_id[0x21] lapic_id[0x42] disabled)
Jan 17 09:54:17 ubuntu kernel: [    0.000000] ACPI: LAPIC (acpi_id[0x22] lapic_id[0x44] disabled)
Jan 17 09:54:17 ubuntu kernel: [    0.000000] ACPI: LAPIC (acpi_id[0x23] lapic_id[0x46] disabled)
Jan 17 09:54:17 ubuntu kernel: [    0.000000] ACPI: LAPIC (acpi_id[0x24] lapic_id[0x48] disabled)
Jan 17 09:54:17 ubuntu kernel: [    0.000000] ACPI: LAPIC (acpi_id[0x25] lapic_id[0x4a] disabled)
Jan 17 09:54:17 ubuntu kernel: [    0.000000] ACPI: LAPIC (acpi_id[0x26] lapic_id[0x4c] disabled)
Jan 17 09:54:17 ubuntu kernel: [    0.000000] ACPI: LAPIC (acpi_id[0x27] lapic_id[0x4e] disabled)
Jan 17 09:54:17 ubuntu kernel: [    0.000000] ACPI: LAPIC (acpi_id[0x28] lapic_id[0x50] disabled)
Jan 17 09:54:17 ubuntu kernel: [    0.000000] ACPI: LAPIC (acpi_id[0x29] lapic_id[0x52] disabled)
Jan 17 09:54:17 ubuntu kernel: [    0.000000] ACPI: LAPIC (acpi_id[0x2a] lapic_id[0x54] disabled)
Jan 17 09:54:17 ubuntu kernel: [    0.000000] ACPI: LAPIC (acpi_id[0x2b] lapic_id[0x56] disabled)
Jan 17 09:54:17 ubuntu kernel: [    0.000000] ACPI: LAPIC (acpi_id[0x2c] lapic_id[0x58] disabled)
Jan 17 09:54:17 ubuntu kernel: [    0.000000] ACPI: LAPIC (acpi_id[0x2d] lapic_id[0x5a] disabled)
Jan 17 09:54:17 ubuntu kernel: [    0.000000] ACPI: LAPIC (acpi_id[0x2e] lapic_id[0x5c] disabled)
Jan 17 09:54:17 ubuntu kernel: [    0.000000] ACPI: LAPIC (acpi_id[0x2f] lapic_id[0x5e] disabled)
Jan 17 09:54:17 ubuntu kernel: [    0.000000] ACPI: LAPIC (acpi_id[0x30] lapic_id[0x60] disabled)
Jan 17 09:54:17 ubuntu kernel: [    0.000000] ACPI: LAPIC (acpi_id[0x31] lapic_id[0x62] disabled)
Jan 17 09:54:17 ubuntu kernel: [    0.000000] ACPI: LAPIC (acpi_id[0x32] lapic_id[0x64] disabled)
Jan 17 09:54:17 ubuntu kernel: [    0.000000] ACPI: LAPIC (acpi_id[0x33] lapic_id[0x66] disabled)
Jan 17 09:54:17 ubuntu kernel: [    0.000000] ACPI: LAPIC (acpi_id[0x34] lapic_id[0x68] disabled)
Jan 17 09:54:17 ubuntu kernel: [    0.000000] ACPI: LAPIC (acpi_id[0x35] lapic_id[0x6a] disabled)
Jan 17 09:54:17 ubuntu kernel: [    0.000000] ACPI: LAPIC (acpi_id[0x36] lapic_id[0x6c] disabled)
Jan 17 09:54:17 ubuntu kernel: [    0.000000] ACPI: LAPIC (acpi_id[0x37] lapic_id[0x6e] disabled)
Jan 17 09:54:17 ubuntu kernel: [    0.000000] ACPI: LAPIC (acpi_id[0x38] lapic_id[0x70] disabled)
Jan 17 09:54:17 ubuntu kernel: [    0.000000] ACPI: LAPIC (acpi_id[0x39] lapic_id[0x72] disabled)
Jan 17 09:54:17 ubuntu kernel: [    0.000000] ACPI: LAPIC (acpi_id[0x3a] lapic_id[0x74] disabled)
Jan 17 09:54:17 ubuntu kernel: [    0.000000] ACPI: LAPIC (acpi_id[0x3b] lapic_id[0x76] disabled)
Jan 17 09:54:17 ubuntu kernel: [    0.000000] ACPI: LAPIC (acpi_id[0x3c] lapic_id[0x78] disabled)
Jan 17 09:54:17 ubuntu kernel: [    0.000000] ACPI: LAPIC (acpi_id[0x3d] lapic_id[0x7a] disabled)
Jan 17 09:54:17 ubuntu kernel: [    0.000000] ACPI: LAPIC (acpi_id[0x3e] lapic_id[0x7c] disabled)
Jan 17 09:54:17 ubuntu kernel: [    0.000000] ACPI: LAPIC (acpi_id[0x3f] lapic_id[0x7e] disabled)
Jan 17 09:54:17 ubuntu kernel: [    0.000000] ACPI: LAPIC (acpi_id[0x40] lapic_id[0x80] disabled)
Jan 17 09:54:17 ubuntu kernel: [    0.000000] ACPI: LAPIC (acpi_id[0x41] lapic_id[0x82] disabled)
Jan 17 09:54:17 ubuntu kernel: [    0.000000] ACPI: LAPIC (acpi_id[0x42] lapic_id[0x84] disabled)
Jan 17 09:54:17 ubuntu kernel: [    0.000000] ACPI: LAPIC (acpi_id[0x43] lapic_id[0x86] disabled)
Jan 17 09:54:17 ubuntu kernel: [    0.000000] ACPI: LAPIC (acpi_id[0x44] lapic_id[0x88] disabled)
Jan 17 09:54:17 ubuntu kernel: [    0.000000] ACPI: LAPIC (acpi_id[0x45] lapic_id[0x8a] disabled)
Jan 17 09:54:17 ubuntu kernel: [    0.000000] ACPI: LAPIC (acpi_id[0x46] lapic_id[0x8c] disabled)
Jan 17 09:54:17 ubuntu kernel: [    0.000000] ACPI: LAPIC (acpi_id[0x47] lapic_id[0x8e] disabled)
Jan 17 09:54:17 ubuntu kernel: [    0.000000] ACPI: LAPIC (acpi_id[0x48] lapic_id[0x90] disabled)
Jan 17 09:54:17 ubuntu kernel: [    0.000000] ACPI: LAPIC (acpi_id[0x49] lapic_id[0x92] disabled)
Jan 17 09:54:17 ubuntu kernel: [    0.000000] ACPI: LAPIC (acpi_id[0x4a] lapic_id[0x94] disabled)
Jan 17 09:54:17 ubuntu kernel: [    0.000000] ACPI: LAPIC (acpi_id[0x4b] lapic_id[0x96] disabled)
Jan 17 09:54:17 ubuntu kernel: [    0.000000] ACPI: LAPIC (acpi_id[0x4c] lapic_id[0x98] disabled)
Jan 17 09:54:17 ubuntu kernel: [    0.000000] ACPI: LAPIC (acpi_id[0x4d] lapic_id[0x9a] disabled)
Jan 17 09:54:17 ubuntu kernel: [    0.000000] ACPI: LAPIC (acpi_id[0x4e] lapic_id[0x9c] disabled)
Jan 17 09:54:17 ubuntu kernel: [    0.000000] ACPI: LAPIC (acpi_id[0x4f] lapic_id[0x9e] disabled)
Jan 17 09:54:17 ubuntu kernel: [    0.000000] ACPI: LAPIC (acpi_id[0x50] lapic_id[0xa0] disabled)
Jan 17 09:54:17 ubuntu kernel: [    0.000000] ACPI: LAPIC (acpi_id[0x51] lapic_id[0xa2] disabled)
Jan 17 09:54:17 ubuntu kernel: [    0.000000] ACPI: LAPIC (acpi_id[0x52] lapic_id[0xa4] disabled)
Jan 17 09:54:17 ubuntu kernel: [    0.000000] ACPI: LAPIC (acpi_id[0x53] lapic_id[0xa6] disabled)
Jan 17 09:54:17 ubuntu kernel: [    0.000000] ACPI: LAPIC (acpi_id[0x54] lapic_id[0xa8] disabled)
Jan 17 09:54:17 ubuntu kernel: [    0.000000] ACPI: LAPIC (acpi_id[0x55] lapic_id[0xaa] disabled)
Jan 17 09:54:17 ubuntu kernel: [    0.000000] ACPI: LAPIC (acpi_id[0x56] lapic_id[0xac] disabled)
Jan 17 09:54:17 ubuntu kernel: [    0.000000] ACPI: LAPIC (acpi_id[0x57] lapic_id[0xae] disabled)
Jan 17 09:54:17 ubuntu kernel: [    0.000000] ACPI: LAPIC (acpi_id[0x58] lapic_id[0xb0] disabled)
Jan 17 09:54:17 ubuntu kernel: [    0.000000] ACPI: LAPIC (acpi_id[0x59] lapic_id[0xb2] disabled)
Jan 17 09:54:17 ubuntu kernel: [    0.000000] ACPI: LAPIC (acpi_id[0x5a] lapic_id[0xb4] disabled)
Jan 17 09:54:17 ubuntu kernel: [    0.000000] ACPI: LAPIC (acpi_id[0x5b] lapic_id[0xb6] disabled)
Jan 17 09:54:17 ubuntu kernel: [    0.000000] ACPI: LAPIC (acpi_id[0x5c] lapic_id[0xb8] disabled)
Jan 17 09:54:17 ubuntu kernel: [    0.000000] ACPI: LAPIC (acpi_id[0x5d] lapic_id[0xba] disabled)
Jan 17 09:54:17 ubuntu kernel: [    0.000000] ACPI: LAPIC (acpi_id[0x5e] lapic_id[0xbc] disabled)
Jan 17 09:54:17 ubuntu kernel: [    0.000000] ACPI: LAPIC (acpi_id[0x5f] lapic_id[0xbe] disabled)
Jan 17 09:54:17 ubuntu kernel: [    0.000000] ACPI: LAPIC (acpi_id[0x60] lapic_id[0xc0] disabled)
Jan 17 09:54:17 ubuntu kernel: [    0.000000] ACPI: LAPIC (acpi_id[0x61] lapic_id[0xc2] disabled)
Jan 17 09:54:17 ubuntu kernel: [    0.000000] ACPI: LAPIC (acpi_id[0x62] lapic_id[0xc4] disabled)
Jan 17 09:54:17 ubuntu kernel: [    0.000000] ACPI: LAPIC (acpi_id[0x63] lapic_id[0xc6] disabled)
Jan 17 09:54:17 ubuntu kernel: [    0.000000] ACPI: LAPIC (acpi_id[0x64] lapic_id[0xc8] disabled)
Jan 17 09:54:17 ubuntu kernel: [    0.000000] ACPI: LAPIC (acpi_id[0x65] lapic_id[0xca] disabled)
Jan 17 09:54:17 ubuntu kernel: [    0.000000] ACPI: LAPIC (acpi_id[0x66] lapic_id[0xcc] disabled)
Jan 17 09:54:17 ubuntu kernel: [    0.000000] ACPI: LAPIC (acpi_id[0x67] lapic_id[0xce] disabled)
Jan 17 09:54:17 ubuntu kernel: [    0.000000] ACPI: LAPIC (acpi_id[0x68] lapic_id[0xd0] disabled)
Jan 17 09:54:17 ubuntu kernel: [    0.000000] ACPI: LAPIC (acpi_id[0x69] lapic_id[0xd2] disabled)
Jan 17 09:54:17 ubuntu kernel: [    0.000000] ACPI: LAPIC (acpi_id[0x6a] lapic_id[0xd4] disabled)
Jan 17 09:54:17 ubuntu kernel: [    0.000000] ACPI: LAPIC (acpi_id[0x6b] lapic_id[0xd6] disabled)
Jan 17 09:54:17 ubuntu kernel: [    0.000000] ACPI: LAPIC (acpi_id[0x6c] lapic_id[0xd8] disabled)
Jan 17 09:54:17 ubuntu kernel: [    0.000000] ACPI: LAPIC (acpi_id[0x6d] lapic_id[0xda] disabled)
Jan 17 09:54:17 ubuntu kernel: [    0.000000] ACPI: LAPIC (acpi_id[0x6e] lapic_id[0xdc] disabled)
Jan 17 09:54:17 ubuntu kernel: [    0.000000] ACPI: LAPIC (acpi_id[0x6f] lapic_id[0xde] disabled)
Jan 17 09:54:17 ubuntu kernel: [    0.000000] ACPI: LAPIC (acpi_id[0x70] lapic_id[0xe0] disabled)
Jan 17 09:54:17 ubuntu kernel: [    0.000000] ACPI: LAPIC (acpi_id[0x71] lapic_id[0xe2] disabled)
Jan 17 09:54:17 ubuntu kernel: [    0.000000] ACPI: LAPIC (acpi_id[0x72] lapic_id[0xe4] disabled)
Jan 17 09:54:17 ubuntu kernel: [    0.000000] ACPI: LAPIC (acpi_id[0x73] lapic_id[0xe6] disabled)
Jan 17 09:54:17 ubuntu kernel: [    0.000000] ACPI: LAPIC (acpi_id[0x74] lapic_id[0xe8] disabled)
Jan 17 09:54:17 ubuntu kernel: [    0.000000] ACPI: LAPIC (acpi_id[0x75] lapic_id[0xea] disabled)
Jan 17 09:54:17 ubuntu kernel: [    0.000000] ACPI: LAPIC (acpi_id[0x76] lapic_id[0xec] disabled)
Jan 17 09:54:17 ubuntu kernel: [    0.000000] ACPI: LAPIC (acpi_id[0x77] lapic_id[0xee] disabled)
Jan 17 09:54:17 ubuntu kernel: [    0.000000] ACPI: LAPIC (acpi_id[0x78] lapic_id[0xf0] disabled)
Jan 17 09:54:17 ubuntu kernel: [    0.000000] ACPI: LAPIC (acpi_id[0x79] lapic_id[0xf2] disabled)
Jan 17 09:54:17 ubuntu kernel: [    0.000000] ACPI: LAPIC (acpi_id[0x7a] lapic_id[0xf4] disabled)
Jan 17 09:54:17 ubuntu kernel: [    0.000000] ACPI: LAPIC (acpi_id[0x7b] lapic_id[0xf6] disabled)
Jan 17 09:54:17 ubuntu kernel: [    0.000000] ACPI: LAPIC (acpi_id[0x7c] lapic_id[0xf8] disabled)
Jan 17 09:54:17 ubuntu kernel: [    0.000000] ACPI: LAPIC (acpi_id[0x7d] lapic_id[0xfa] disabled)
Jan 17 09:54:17 ubuntu kernel: [    0.000000] ACPI: LAPIC (acpi_id[0x7e] lapic_id[0xfc] disabled)
Jan 17 09:54:17 ubuntu kernel: [    0.000000] ACPI: LAPIC (acpi_id[0x7f] lapic_id[0xfe] disabled)
Jan 17 09:54:17 ubuntu kernel: [    0.000000] ACPI: LAPIC_NMI (acpi_id[0x00] high edge lint[0x1])
Jan 17 09:54:17 ubuntu kernel: [    0.000000] ACPI: LAPIC_NMI (acpi_id[0x01] high edge lint[0x1])
Jan 17 09:54:17 ubuntu kernel: [    0.000000] ACPI: LAPIC_NMI (acpi_id[0x02] high edge lint[0x1])
Jan 17 09:54:17 ubuntu kernel: [    0.000000] ACPI: LAPIC_NMI (acpi_id[0x03] high edge lint[0x1])
Jan 17 09:54:17 ubuntu kernel: [    0.000000] ACPI: LAPIC_NMI (acpi_id[0x04] high edge lint[0x1])
Jan 17 09:54:17 ubuntu kernel: [    0.000000] ACPI: LAPIC_NMI (acpi_id[0x05] high edge lint[0x1])
Jan 17 09:54:17 ubuntu kernel: [    0.000000] ACPI: LAPIC_NMI (acpi_id[0x06] high edge lint[0x1])
Jan 17 09:54:17 ubuntu kernel: [    0.000000] ACPI: LAPIC_NMI (acpi_id[0x07] high edge lint[0x1])
Jan 17 09:54:17 ubuntu kernel: [    0.000000] ACPI: LAPIC_NMI (acpi_id[0x08] high edge lint[0x1])
Jan 17 09:54:17 ubuntu kernel: [    0.000000] ACPI: LAPIC_NMI (acpi_id[0x09] high edge lint[0x1])
Jan 17 09:54:17 ubuntu kernel: [    0.000000] ACPI: LAPIC_NMI (acpi_id[0x0a] high edge lint[0x1])
Jan 17 09:54:17 ubuntu kernel: [    0.000000] ACPI: LAPIC_NMI (acpi_id[0x0b] high edge lint[0x1])
Jan 17 09:54:17 ubuntu kernel: [    0.000000] ACPI: LAPIC_NMI (acpi_id[0x0c] high edge lint[0x1])
Jan 17 09:54:17 ubuntu kernel: [    0.000000] ACPI: LAPIC_NMI (acpi_id[0x0d] high edge lint[0x1])
Jan 17 09:54:17 ubuntu kernel: [    0.000000] ACPI: LAPIC_NMI (acpi_id[0x0e] high edge lint[0x1])
Jan 17 09:54:17 ubuntu kernel: [    0.000000] ACPI: LAPIC_NMI (acpi_id[0x0f] high edge lint[0x1])
Jan 17 09:54:17 ubuntu kernel: [    0.000000] ACPI: LAPIC_NMI (acpi_id[0x10] high edge lint[0x1])
Jan 17 09:54:17 ubuntu kernel: [    0.000000] ACPI: LAPIC_NMI (acpi_id[0x11] high edge lint[0x1])
Jan 17 09:54:17 ubuntu kernel: [    0.000000] ACPI: LAPIC_NMI (acpi_id[0x12] high edge lint[0x1])
Jan 17 09:54:17 ubuntu kernel: [    0.000000] ACPI: LAPIC_NMI (acpi_id[0x13] high edge lint[0x1])
Jan 17 09:54:17 ubuntu kernel: [    0.000000] ACPI: LAPIC_NMI (acpi_id[0x14] high edge lint[0x1])
Jan 17 09:54:17 ubuntu kernel: [    0.000000] ACPI: LAPIC_NMI (acpi_id[0x15] high edge lint[0x1])
Jan 17 09:54:17 ubuntu kernel: [    0.000000] ACPI: LAPIC_NMI (acpi_id[0x16] high edge lint[0x1])
Jan 17 09:54:17 ubuntu kernel: [    0.000000] ACPI: LAPIC_NMI (acpi_id[0x17] high edge lint[0x1])
Jan 17 09:54:17 ubuntu kernel: [    0.000000] ACPI: LAPIC_NMI (acpi_id[0x18] high edge lint[0x1])
Jan 17 09:54:17 ubuntu kernel: [    0.000000] ACPI: LAPIC_NMI (acpi_id[0x19] high edge lint[0x1])
Jan 17 09:54:17 ubuntu kernel: [    0.000000] ACPI: LAPIC_NMI (acpi_id[0x1a] high edge lint[0x1])
Jan 17 09:54:17 ubuntu kernel: [    0.000000] ACPI: LAPIC_NMI (acpi_id[0x1b] high edge lint[0x1])
Jan 17 09:54:17 ubuntu kernel: [    0.000000] ACPI: LAPIC_NMI (acpi_id[0x1c] high edge lint[0x1])
Jan 17 09:54:17 ubuntu kernel: [    0.000000] ACPI: LAPIC_NMI (acpi_id[0x1d] high edge lint[0x1])
Jan 17 09:54:17 ubuntu kernel: [    0.000000] ACPI: LAPIC_NMI (acpi_id[0x1e] high edge lint[0x1])
Jan 17 09:54:17 ubuntu kernel: [    0.000000] ACPI: LAPIC_NMI (acpi_id[0x1f] high edge lint[0x1])
Jan 17 09:54:17 ubuntu kernel: [    0.000000] ACPI: LAPIC_NMI (acpi_id[0x20] high edge lint[0x1])
Jan 17 09:54:17 ubuntu kernel: [    0.000000] ACPI: LAPIC_NMI (acpi_id[0x21] high edge lint[0x1])
Jan 17 09:54:17 ubuntu kernel: [    0.000000] ACPI: LAPIC_NMI (acpi_id[0x22] high edge lint[0x1])
Jan 17 09:54:17 ubuntu kernel: [    0.000000] ACPI: LAPIC_NMI (acpi_id[0x23] high edge lint[0x1])
Jan 17 09:54:17 ubuntu kernel: [    0.000000] ACPI: LAPIC_NMI (acpi_id[0x24] high edge lint[0x1])
Jan 17 09:54:17 ubuntu kernel: [    0.000000] ACPI: LAPIC_NMI (acpi_id[0x25] high edge lint[0x1])
Jan 17 09:54:17 ubuntu kernel: [    0.000000] ACPI: LAPIC_NMI (acpi_id[0x26] high edge lint[0x1])
Jan 17 09:54:17 ubuntu kernel: [    0.000000] ACPI: LAPIC_NMI (acpi_id[0x27] high edge lint[0x1])
Jan 17 09:54:17 ubuntu kernel: [    0.000000] ACPI: LAPIC_NMI (acpi_id[0x28] high edge lint[0x1])
Jan 17 09:54:17 ubuntu kernel: [    0.000000] ACPI: LAPIC_NMI (acpi_id[0x29] high edge lint[0x1])
Jan 17 09:54:17 ubuntu kernel: [    0.000000] ACPI: LAPIC_NMI (acpi_id[0x2a] high edge lint[0x1])
Jan 17 09:54:17 ubuntu kernel: [    0.000000] ACPI: LAPIC_NMI (acpi_id[0x2b] high edge lint[0x1])
Jan 17 09:54:17 ubuntu kernel: [    0.000000] ACPI: LAPIC_NMI (acpi_id[0x2c] high edge lint[0x1])
Jan 17 09:54:17 ubuntu kernel: [    0.000000] ACPI: LAPIC_NMI (acpi_id[0x2d] high edge lint[0x1])
Jan 17 09:54:17 ubuntu kernel: [    0.000000] ACPI: LAPIC_NMI (acpi_id[0x2e] high edge lint[0x1])
Jan 17 09:54:17 ubuntu kernel: [    0.000000] ACPI: LAPIC_NMI (acpi_id[0x2f] high edge lint[0x1])
Jan 17 09:54:17 ubuntu kernel: [    0.000000] ACPI: LAPIC_NMI (acpi_id[0x30] high edge lint[0x1])
Jan 17 09:54:17 ubuntu kernel: [    0.000000] ACPI: LAPIC_NMI (acpi_id[0x31] high edge lint[0x1])
Jan 17 09:54:17 ubuntu kernel: [    0.000000] ACPI: LAPIC_NMI (acpi_id[0x32] high edge lint[0x1])
Jan 17 09:54:17 ubuntu kernel: [    0.000000] ACPI: LAPIC_NMI (acpi_id[0x33] high edge lint[0x1])
Jan 17 09:54:17 ubuntu kernel: [    0.000000] ACPI: LAPIC_NMI (acpi_id[0x34] high edge lint[0x1])
Jan 17 09:54:17 ubuntu kernel: [    0.000000] ACPI: LAPIC_NMI (acpi_id[0x35] high edge lint[0x1])
Jan 17 09:54:17 ubuntu kernel: [    0.000000] ACPI: LAPIC_NMI (acpi_id[0x36] high edge lint[0x1])
Jan 17 09:54:17 ubuntu kernel: [    0.000000] ACPI: LAPIC_NMI (acpi_id[0x37] high edge lint[0x1])
Jan 17 09:54:17 ubuntu kernel: [    0.000000] ACPI: LAPIC_NMI (acpi_id[0x38] high edge lint[0x1])
Jan 17 09:54:17 ubuntu kernel: [    0.000000] ACPI: LAPIC_NMI (acpi_id[0x39] high edge lint[0x1])
Jan 17 09:54:17 ubuntu kernel: [    0.000000] ACPI: LAPIC_NMI (acpi_id[0x3a] high edge lint[0x1])
Jan 17 09:54:17 ubuntu kernel: [    0.000000] ACPI: LAPIC_NMI (acpi_id[0x3b] high edge lint[0x1])
Jan 17 09:54:17 ubuntu kernel: [    0.000000] ACPI: LAPIC_NMI (acpi_id[0x3c] high edge lint[0x1])
Jan 17 09:54:17 ubuntu kernel: [    0.000000] ACPI: LAPIC_NMI (acpi_id[0x3d] high edge lint[0x1])
Jan 17 09:54:17 ubuntu kernel: [    0.000000] ACPI: LAPIC_NMI (acpi_id[0x3e] high edge lint[0x1])
Jan 17 09:54:17 ubuntu kernel: [    0.000000] ACPI: LAPIC_NMI (acpi_id[0x3f] high edge lint[0x1])
Jan 17 09:54:17 ubuntu kernel: [    0.000000] ACPI: LAPIC_NMI (acpi_id[0x40] high edge lint[0x1])
Jan 17 09:54:17 ubuntu kernel: [    0.000000] ACPI: LAPIC_NMI (acpi_id[0x41] high edge lint[0x1])
Jan 17 09:54:17 ubuntu kernel: [    0.000000] ACPI: LAPIC_NMI (acpi_id[0x42] high edge lint[0x1])
Jan 17 09:54:17 ubuntu kernel: [    0.000000] ACPI: LAPIC_NMI (acpi_id[0x43] high edge lint[0x1])
Jan 17 09:54:17 ubuntu kernel: [    0.000000] ACPI: LAPIC_NMI (acpi_id[0x44] high edge lint[0x1])
Jan 17 09:54:17 ubuntu kernel: [    0.000000] ACPI: LAPIC_NMI (acpi_id[0x45] high edge lint[0x1])
Jan 17 09:54:17 ubuntu kernel: [    0.000000] ACPI: LAPIC_NMI (acpi_id[0x46] high edge lint[0x1])
Jan 17 09:54:17 ubuntu kernel: [    0.000000] ACPI: LAPIC_NMI (acpi_id[0x47] high edge lint[0x1])
Jan 17 09:54:17 ubuntu kernel: [    0.000000] ACPI: LAPIC_NMI (acpi_id[0x48] high edge lint[0x1])
Jan 17 09:54:17 ubuntu kernel: [    0.000000] ACPI: LAPIC_NMI (acpi_id[0x49] high edge lint[0x1])
Jan 17 09:54:17 ubuntu kernel: [    0.000000] ACPI: LAPIC_NMI (acpi_id[0x4a] high edge lint[0x1])
Jan 17 09:54:17 ubuntu kernel: [    0.000000] ACPI: LAPIC_NMI (acpi_id[0x4b] high edge lint[0x1])
Jan 17 09:54:17 ubuntu kernel: [    0.000000] ACPI: LAPIC_NMI (acpi_id[0x4c] high edge lint[0x1])
Jan 17 09:54:17 ubuntu kernel: [    0.000000] ACPI: LAPIC_NMI (acpi_id[0x4d] high edge lint[0x1])
Jan 17 09:54:17 ubuntu kernel: [    0.000000] ACPI: LAPIC_NMI (acpi_id[0x4e] high edge lint[0x1])
Jan 17 09:54:17 ubuntu kernel: [    0.000000] ACPI: LAPIC_NMI (acpi_id[0x4f] high edge lint[0x1])
Jan 17 09:54:17 ubuntu kernel: [    0.000000] ACPI: LAPIC_NMI (acpi_id[0x50] high edge lint[0x1])
Jan 17 09:54:17 ubuntu kernel: [    0.000000] ACPI: LAPIC_NMI (acpi_id[0x51] high edge lint[0x1])
Jan 17 09:54:17 ubuntu kernel: [    0.000000] ACPI: LAPIC_NMI (acpi_id[0x52] high edge lint[0x1])
Jan 17 09:54:17 ubuntu kernel: [    0.000000] ACPI: LAPIC_NMI (acpi_id[0x53] high edge lint[0x1])
Jan 17 09:54:17 ubuntu kernel: [    0.000000] ACPI: LAPIC_NMI (acpi_id[0x54] high edge lint[0x1])
Jan 17 09:54:17 ubuntu kernel: [    0.000000] ACPI: LAPIC_NMI (acpi_id[0x55] high edge lint[0x1])
Jan 17 09:54:17 ubuntu kernel: [    0.000000] ACPI: LAPIC_NMI (acpi_id[0x56] high edge lint[0x1])
Jan 17 09:54:17 ubuntu kernel: [    0.000000] ACPI: LAPIC_NMI (acpi_id[0x57] high edge lint[0x1])
Jan 17 09:54:17 ubuntu kernel: [    0.000000] ACPI: LAPIC_NMI (acpi_id[0x58] high edge lint[0x1])
Jan 17 09:54:17 ubuntu kernel: [    0.000000] ACPI: LAPIC_NMI (acpi_id[0x59] high edge lint[0x1])
Jan 17 09:54:17 ubuntu kernel: [    0.000000] ACPI: LAPIC_NMI (acpi_id[0x5a] high edge lint[0x1])
Jan 17 09:54:17 ubuntu kernel: [    0.000000] ACPI: LAPIC_NMI (acpi_id[0x5b] high edge lint[0x1])
Jan 17 09:54:17 ubuntu kernel: [    0.000000] ACPI: LAPIC_NMI (acpi_id[0x5c] high edge lint[0x1])
Jan 17 09:54:17 ubuntu kernel: [    0.000000] ACPI: LAPIC_NMI (acpi_id[0x5d] high edge lint[0x1])
Jan 17 09:54:17 ubuntu kernel: [    0.000000] ACPI: LAPIC_NMI (acpi_id[0x5e] high edge lint[0x1])
Jan 17 09:54:17 ubuntu kernel: [    0.000000] ACPI: LAPIC_NMI (acpi_id[0x5f] high edge lint[0x1])
Jan 17 09:54:17 ubuntu kernel: [    0.000000] ACPI: LAPIC_NMI (acpi_id[0x60] high edge lint[0x1])
Jan 17 09:54:17 ubuntu kernel: [    0.000000] ACPI: LAPIC_NMI (acpi_id[0x61] high edge lint[0x1])
Jan 17 09:54:17 ubuntu kernel: [    0.000000] ACPI: LAPIC_NMI (acpi_id[0x62] high edge lint[0x1])
Jan 17 09:54:17 ubuntu kernel: [    0.000000] ACPI: LAPIC_NMI (acpi_id[0x63] high edge lint[0x1])
Jan 17 09:54:17 ubuntu kernel: [    0.000000] ACPI: LAPIC_NMI (acpi_id[0x64] high edge lint[0x1])
Jan 17 09:54:17 ubuntu kernel: [    0.000000] ACPI: LAPIC_NMI (acpi_id[0x65] high edge lint[0x1])
Jan 17 09:54:17 ubuntu kernel: [    0.000000] ACPI: LAPIC_NMI (acpi_id[0x66] high edge lint[0x1])
Jan 17 09:54:17 ubuntu kernel: [    0.000000] ACPI: LAPIC_NMI (acpi_id[0x67] high edge lint[0x1])
Jan 17 09:54:17 ubuntu kernel: [    0.000000] ACPI: LAPIC_NMI (acpi_id[0x68] high edge lint[0x1])
Jan 17 09:54:17 ubuntu kernel: [    0.000000] ACPI: LAPIC_NMI (acpi_id[0x69] high edge lint[0x1])
Jan 17 09:54:17 ubuntu kernel: [    0.000000] ACPI: LAPIC_NMI (acpi_id[0x6a] high edge lint[0x1])
Jan 17 09:54:17 ubuntu kernel: [    0.000000] ACPI: LAPIC_NMI (acpi_id[0x6b] high edge lint[0x1])
Jan 17 09:54:17 ubuntu kernel: [    0.000000] ACPI: LAPIC_NMI (acpi_id[0x6c] high edge lint[0x1])
Jan 17 09:54:17 ubuntu kernel: [    0.000000] ACPI: LAPIC_NMI (acpi_id[0x6d] high edge lint[0x1])
Jan 17 09:54:17 ubuntu kernel: [    0.000000] ACPI: LAPIC_NMI (acpi_id[0x6e] high edge lint[0x1])
Jan 17 09:54:17 ubuntu kernel: [    0.000000] ACPI: LAPIC_NMI (acpi_id[0x6f] high edge lint[0x1])
Jan 17 09:54:17 ubuntu kernel: [    0.000000] ACPI: LAPIC_NMI (acpi_id[0x70] high edge lint[0x1])
Jan 17 09:54:17 ubuntu kernel: [    0.000000] ACPI: LAPIC_NMI (acpi_id[0x71] high edge lint[0x1])
Jan 17 09:54:17 ubuntu kernel: [    0.000000] ACPI: LAPIC_NMI (acpi_id[0x72] high edge lint[0x1])
Jan 17 09:54:17 ubuntu kernel: [    0.000000] ACPI: LAPIC_NMI (acpi_id[0x73] high edge lint[0x1])
Jan 17 09:54:17 ubuntu kernel: [    0.000000] ACPI: LAPIC_NMI (acpi_id[0x74] high edge lint[0x1])
Jan 17 09:54:17 ubuntu kernel: [    0.000000] ACPI: LAPIC_NMI (acpi_id[0x75] high edge lint[0x1])
Jan 17 09:54:17 ubuntu kernel: [    0.000000] ACPI: LAPIC_NMI (acpi_id[0x76] high edge lint[0x1])
Jan 17 09:54:17 ubuntu kernel: [    0.000000] ACPI: LAPIC_NMI (acpi_id[0x77] high edge lint[0x1])
Jan 17 09:54:17 ubuntu kernel: [    0.000000] ACPI: LAPIC_NMI (acpi_id[0x78] high edge lint[0x1])
Jan 17 09:54:17 ubuntu kernel: [    0.000000] ACPI: LAPIC_NMI (acpi_id[0x79] high edge lint[0x1])
Jan 17 09:54:17 ubuntu kernel: [    0.000000] ACPI: LAPIC_NMI (acpi_id[0x7a] high edge lint[0x1])
Jan 17 09:54:17 ubuntu kernel: [    0.000000] ACPI: LAPIC_NMI (acpi_id[0x7b] high edge lint[0x1])
Jan 17 09:54:17 ubuntu kernel: [    0.000000] ACPI: LAPIC_NMI (acpi_id[0x7c] high edge lint[0x1])
Jan 17 09:54:17 ubuntu kernel: [    0.000000] ACPI: LAPIC_NMI (acpi_id[0x7d] high edge lint[0x1])
Jan 17 09:54:17 ubuntu kernel: [    0.000000] ACPI: LAPIC_NMI (acpi_id[0x7e] high edge lint[0x1])
Jan 17 09:54:17 ubuntu kernel: [    0.000000] ACPI: LAPIC_NMI (acpi_id[0x7f] high edge lint[0x1])
Jan 17 09:54:17 ubuntu kernel: [    0.000000] ACPI: IOAPIC (id[0x01] address[0xfec00000] gsi_base[0])
Jan 17 09:54:17 ubuntu kernel: [    0.000000] IOAPIC[0]: apic_id 1, version 17, address 0xfec00000, GSI 0-23
Jan 17 09:54:17 ubuntu kernel: [    0.000000] ACPI: INT_SRC_OVR (bus 0 bus_irq 0 global_irq 2 high edge)
Jan 17 09:54:17 ubuntu kernel: [    0.000000] ACPI: IRQ0 used by override.
Jan 17 09:54:17 ubuntu kernel: [    0.000000] ACPI: IRQ2 used by override.
Jan 17 09:54:17 ubuntu kernel: [    0.000000] ACPI: IRQ9 used by override.
Jan 17 09:54:17 ubuntu kernel: [    0.000000] Using ACPI (MADT) for SMP configuration information
Jan 17 09:54:17 ubuntu kernel: [    0.000000] ACPI: HPET id: 0x8086af01 base: 0xfed00000
Jan 17 09:54:17 ubuntu kernel: [    0.000000] smpboot: Allowing 128 CPUs, 127 hotplug CPUs
Jan 17 09:54:17 ubuntu kernel: [    0.000000] nr_irqs_gsi: 40
Jan 17 09:54:17 ubuntu kernel: [    0.000000] PM: Registered nosave memory: [mem 0x0009e000-0x0009efff]
Jan 17 09:54:17 ubuntu kernel: [    0.000000] PM: Registered nosave memory: [mem 0x0009f000-0x0009ffff]
Jan 17 09:54:17 ubuntu kernel: [    0.000000] PM: Registered nosave memory: [mem 0x000a0000-0x000dbfff]
Jan 17 09:54:17 ubuntu kernel: [    0.000000] PM: Registered nosave memory: [mem 0x000dc000-0x000fffff]
Jan 17 09:54:17 ubuntu kernel: [    0.000000] PM: Registered nosave memory: [mem 0x3fee0000-0x3fefefff]
Jan 17 09:54:17 ubuntu kernel: [    0.000000] PM: Registered nosave memory: [mem 0x3feff000-0x3fefffff]
Jan 17 09:54:17 ubuntu kernel: [    0.000000] e820: [mem 0x40000000-0xefffffff] available for PCI devices
Jan 17 09:54:17 ubuntu kernel: [    0.000000] Booting paravirtualized kernel on bare hardware
Jan 17 09:54:17 ubuntu kernel: [    0.000000] setup_percpu: NR_CPUS:256 nr_cpumask_bits:256 nr_cpu_ids:128 nr_node_ids:1
Jan 17 09:54:17 ubuntu kernel: [    0.000000] PERCPU: Embedded 28 pages/cpu @ffff88003d600000 s82240 r8192 d24256 u131072
Jan 17 09:54:17 ubuntu kernel: [    0.000000] pcpu-alloc: s82240 r8192 d24256 u131072 alloc=1*2097152
Jan 17 09:54:17 ubuntu kernel: [    0.000000] pcpu-alloc: [0] 000 001 002 003 004 005 006 007 008 009 010 011 012 013 014 015 
Jan 17 09:54:17 ubuntu kernel: [    0.000000] pcpu-alloc: [0] 016 017 018 019 020 021 022 023 024 025 026 027 028 029 030 031 
Jan 17 09:54:17 ubuntu kernel: [    0.000000] pcpu-alloc: [0] 032 033 034 035 036 037 038 039 040 041 042 043 044 045 046 047 
Jan 17 09:54:17 ubuntu kernel: [    0.000000] pcpu-alloc: [0] 048 049 050 051 052 053 054 055 056 057 058 059 060 061 062 063 
Jan 17 09:54:17 ubuntu kernel: [    0.000000] pcpu-alloc: [0] 064 065 066 067 068 069 070 071 072 073 074 075 076 077 078 079 
Jan 17 09:54:17 ubuntu kernel: [    0.000000] pcpu-alloc: [0] 080 081 082 083 084 085 086 087 088 089 090 091 092 093 094 095 
Jan 17 09:54:17 ubuntu kernel: [    0.000000] pcpu-alloc: [0] 096 097 098 099 100 101 102 103 104 105 106 107 108 109 110 111 
Jan 17 09:54:17 ubuntu kernel: [    0.000000] pcpu-alloc: [0] 112 113 114 115 116 117 118 119 120 121 122 123 124 125 126 127 
Jan 17 09:54:17 ubuntu kernel: [    0.000000] Built 1 zonelists in Node order, mobility grouping on.  Total pages: 257896
Jan 17 09:54:17 ubuntu kernel: [    0.000000] Policy zone: DMA32
Jan 17 09:54:17 ubuntu kernel: [    0.000000] Kernel command line: BOOT_IMAGE=/boot/vmlinuz-3.13.11-ckt12brandon root=UUID=fa977f55-f646-4ef3-933e-63e4f6a2584e ro find_preseed=/preseed.cfg auto noprompt priority=critical locale=en_US crashkernel=384M-:128M
Jan 17 09:54:17 ubuntu kernel: [    0.000000] PID hash table entries: 4096 (order: 3, 32768 bytes)
Jan 17 09:54:17 ubuntu kernel: [    0.000000] xsave: enabled xstate_bv 0x7, cntxt size 0x340
Jan 17 09:54:17 ubuntu kernel: [    0.000000] Checking aperture...
Jan 17 09:54:17 ubuntu kernel: [    0.000000] No AGP bridge found
Jan 17 09:54:17 ubuntu kernel: [    0.000000] Calgary: detecting Calgary via BIOS EBDA area
Jan 17 09:54:17 ubuntu kernel: [    0.000000] Calgary: Unable to locate Rio Grande table in EBDA - bailing!
Jan 17 09:54:17 ubuntu kernel: [    0.000000] Memory: 863076K/1048052K available (7237K kernel code, 1129K rwdata, 3300K rodata, 1332K init, 1444K bss, 184976K reserved)
Jan 17 09:54:17 ubuntu kernel: [    0.000000] SLUB: HWalign=64, Order=0-3, MinObjects=0, CPUs=128, Nodes=1
Jan 17 09:54:17 ubuntu kernel: [    0.000000] Hierarchical RCU implementation.
Jan 17 09:54:17 ubuntu kernel: [    0.000000] 	RCU dyntick-idle grace-period acceleration is enabled.
Jan 17 09:54:17 ubuntu kernel: [    0.000000] 	RCU restricting CPUs from NR_CPUS=256 to nr_cpu_ids=128.
Jan 17 09:54:17 ubuntu kernel: [    0.000000] 	Offload RCU callbacks from all CPUs
Jan 17 09:54:17 ubuntu kernel: [    0.000000] 	Offload RCU callbacks from CPUs: 0-127.
Jan 17 09:54:17 ubuntu kernel: [    0.000000] NR_IRQS:16640 nr_irqs:1704 16
Jan 17 09:54:17 ubuntu kernel: [    0.000000] Console: colour VGA+ 80x25
Jan 17 09:54:17 ubuntu kernel: [    0.000000] console [tty0] enabled
Jan 17 09:54:17 ubuntu kernel: [    0.000000] allocated 4194304 bytes of page_cgroup
Jan 17 09:54:17 ubuntu kernel: [    0.000000] please try 'cgroup_disable=memory' option if you don't want memory cgroups
Jan 17 09:54:17 ubuntu kernel: [    0.000000] hpet clockevent registered
Jan 17 09:54:17 ubuntu kernel: [    0.004000] TSC freq read from hypervisor : 2399.804 MHz
Jan 17 09:54:17 ubuntu kernel: [    0.004000] tsc: Detected 2399.804 MHz processor
Jan 17 09:54:17 ubuntu kernel: [    0.000017] Calibrating delay loop (skipped) preset value.. 4799.60 BogoMIPS (lpj=9599216)
Jan 17 09:54:17 ubuntu kernel: [    0.000173] pid_max: default: 131072 minimum: 1024
Jan 17 09:54:17 ubuntu kernel: [    0.000298] Security Framework initialized
Jan 17 09:54:17 ubuntu kernel: [    0.000994] AppArmor: AppArmor initialized
Jan 17 09:54:17 ubuntu kernel: [    0.001088] Yama: becoming mindful.
Jan 17 09:54:17 ubuntu kernel: [    0.001262] Dentry cache hash table entries: 131072 (order: 8, 1048576 bytes)
Jan 17 09:54:17 ubuntu kernel: [    0.001685] Inode-cache hash table entries: 65536 (order: 7, 524288 bytes)
Jan 17 09:54:17 ubuntu kernel: [    0.001976] Mount-cache hash table entries: 2048 (order: 2, 16384 bytes)
Jan 17 09:54:17 ubuntu kernel: [    0.002246] Mountpoint-cache hash table entries: 2048 (order: 2, 16384 bytes)
Jan 17 09:54:17 ubuntu kernel: [    0.003389] Initializing cgroup subsys memory
Jan 17 09:54:17 ubuntu kernel: [    0.003574] Initializing cgroup subsys devices
Jan 17 09:54:17 ubuntu kernel: [    0.003816] Initializing cgroup subsys freezer
Jan 17 09:54:17 ubuntu kernel: [    0.003990] Initializing cgroup subsys blkio
Jan 17 09:54:17 ubuntu kernel: [    0.004157] Initializing cgroup subsys perf_event
Jan 17 09:54:17 ubuntu kernel: [    0.004335] Initializing cgroup subsys hugetlb
Jan 17 09:54:17 ubuntu kernel: [    0.004616] Disabled fast string operations
Jan 17 09:54:17 ubuntu kernel: [    0.004817] CPU: Physical Processor ID: 0
Jan 17 09:54:17 ubuntu kernel: [    0.004993] ENERGY_PERF_BIAS: Set to 'normal', was 'performance'
Jan 17 09:54:17 ubuntu kernel: [    0.004993] ENERGY_PERF_BIAS: View and update with x86_energy_perf_policy(8)
Jan 17 09:54:17 ubuntu kernel: [    0.005346] mce: CPU supports 0 MCE banks
Jan 17 09:54:17 ubuntu kernel: [    0.005483] Last level iTLB entries: 4KB 512, 2MB 0, 4MB 0
Jan 17 09:54:17 ubuntu kernel: [    0.005483] Last level dTLB entries: 4KB 512, 2MB 32, 4MB 32
Jan 17 09:54:17 ubuntu kernel: [    0.005483] tlb_flushall_shift: 5
Jan 17 09:54:17 ubuntu kernel: [    0.026165] ACPI: Core revision 20131115
Jan 17 09:54:17 ubuntu kernel: [    0.032532] ACPI: All ACPI Tables successfully acquired
Jan 17 09:54:17 ubuntu kernel: [    0.034576] ftrace: allocating 27981 entries in 110 pages
Jan 17 09:54:17 ubuntu kernel: [    0.060663] Enabling x2apic
Jan 17 09:54:17 ubuntu kernel: [    0.061322] Enabled x2apic
Jan 17 09:54:17 ubuntu kernel: [    0.061658] Switched APIC routing to physical x2apic.
Jan 17 09:54:17 ubuntu kernel: [    0.062148] ..TIMER: vector=0x30 apic1=0 pin1=2 apic2=-1 pin2=-1
Jan 17 09:54:17 ubuntu kernel: [    0.101955] smpboot: CPU0: Intel(R) Core(TM) i7-2760QM CPU @ 2.40GHz (fam: 06, model: 2a, stepping: 07)
Jan 17 09:54:17 ubuntu kernel: [    0.102179] TSC deadline timer enabled
Jan 17 09:54:17 ubuntu kernel: [    0.102230] Performance Events: 16-deep LBR, SandyBridge events, core PMU driver.
Jan 17 09:54:17 ubuntu kernel: [    0.102431] perf_event_intel: CPUID marked event: 'cpu cycles' unavailable
Jan 17 09:54:17 ubuntu kernel: [    0.102521] perf_event_intel: CPUID marked event: 'instructions' unavailable
Jan 17 09:54:17 ubuntu kernel: [    0.102612] perf_event_intel: CPUID marked event: 'bus cycles' unavailable
Jan 17 09:54:17 ubuntu kernel: [    0.102701] perf_event_intel: CPUID marked event: 'cache references' unavailable
Jan 17 09:54:17 ubuntu kernel: [    0.102828] perf_event_intel: CPUID marked event: 'cache misses' unavailable
Jan 17 09:54:17 ubuntu kernel: [    0.102919] perf_event_intel: CPUID marked event: 'branch instructions' unavailable
Jan 17 09:54:17 ubuntu kernel: [    0.103077] perf_event_intel: CPUID marked event: 'branch misses' unavailable
Jan 17 09:54:17 ubuntu kernel: [    0.103188] ... version:                1
Jan 17 09:54:17 ubuntu kernel: [    0.103262] ... bit width:              48
Jan 17 09:54:17 ubuntu kernel: [    0.103336] ... generic registers:      4
Jan 17 09:54:17 ubuntu kernel: [    0.103411] ... value mask:             0000ffffffffffff
Jan 17 09:54:17 ubuntu kernel: [    0.103492] ... max period:             000000007fffffff
Jan 17 09:54:17 ubuntu kernel: [    0.103573] ... fixed-purpose events:   0
Jan 17 09:54:17 ubuntu kernel: [    0.103646] ... event mask:             000000000000000f
Jan 17 09:54:17 ubuntu kernel: [    0.110758] x86: Booted up 1 node, 1 CPUs
Jan 17 09:54:17 ubuntu kernel: [    0.110845] smpboot: Total of 1 processors activated (4799.60 BogoMIPS)
Jan 17 09:54:17 ubuntu kernel: [    0.111308] NMI watchdog: disabled (cpu0): hardware events not enabled
Jan 17 09:54:17 ubuntu kernel: [    0.111543] devtmpfs: initialized
Jan 17 09:54:17 ubuntu kernel: [    0.113114] EVM: security.selinux
Jan 17 09:54:17 ubuntu kernel: [    0.113186] EVM: security.SMACK64
Jan 17 09:54:17 ubuntu kernel: [    0.113257] EVM: security.ima
Jan 17 09:54:17 ubuntu kernel: [    0.113356] EVM: security.capability
Jan 17 09:54:17 ubuntu kernel: [    0.113488] PM: Registering ACPI NVS region [mem 0x3feff000-0x3fefffff] (4096 bytes)
Jan 17 09:54:17 ubuntu kernel: [    0.114299] pinctrl core: initialized pinctrl subsystem
Jan 17 09:54:17 ubuntu kernel: [    0.114437] regulator-dummy: no parameters
Jan 17 09:54:17 ubuntu kernel: [    0.114601] RTC time: 16:54:13, date: 01/17/15
Jan 17 09:54:17 ubuntu kernel: [    0.114757] NET: Registered protocol family 16
Jan 17 09:54:17 ubuntu kernel: [    0.114941] cpuidle: using governor ladder
Jan 17 09:54:17 ubuntu kernel: [    0.115017] cpuidle: using governor menu
Jan 17 09:54:17 ubuntu kernel: [    0.115125] ACPI: bus type PCI registered
Jan 17 09:54:17 ubuntu kernel: [    0.115200] acpiphp: ACPI Hot Plug PCI Controller Driver version: 0.5
Jan 17 09:54:17 ubuntu kernel: [    0.115458] PCI: MMCONFIG for domain 0000 [bus 00-7f] at [mem 0xf0000000-0xf7ffffff] (base 0xf0000000)
Jan 17 09:54:17 ubuntu kernel: [    0.115619] PCI: MMCONFIG at [mem 0xf0000000-0xf7ffffff] reserved in E820
Jan 17 09:54:17 ubuntu kernel: [    0.121285] PCI: Using configuration type 1 for base access
Jan 17 09:54:17 ubuntu kernel: [    0.121987] bio: create slab <bio-0> at 0
Jan 17 09:54:17 ubuntu kernel: [    0.122258] ACPI: Added _OSI(Module Device)
Jan 17 09:54:17 ubuntu kernel: [    0.122335] ACPI: Added _OSI(Processor Device)
Jan 17 09:54:17 ubuntu kernel: [    0.122412] ACPI: Added _OSI(3.0 _SCP Extensions)
Jan 17 09:54:17 ubuntu kernel: [    0.122490] ACPI: Added _OSI(Processor Aggregator Device)
Jan 17 09:54:17 ubuntu kernel: [    0.128435] [Firmware Bug]: ACPI: BIOS _OSI(Linux) query ignored
Jan 17 09:54:17 ubuntu kernel: [    0.140495] ACPI: Interpreter enabled
Jan 17 09:54:17 ubuntu kernel: [    0.140591] ACPI Exception: AE_NOT_FOUND, While evaluating Sleep State [\_S2_] (20131115/hwxface-580)
Jan 17 09:54:17 ubuntu kernel: [    0.140782] ACPI Exception: AE_NOT_FOUND, While evaluating Sleep State [\_S3_] (20131115/hwxface-580)
Jan 17 09:54:17 ubuntu kernel: [    0.140976] ACPI: (supports S0 S1 S4 S5)
Jan 17 09:54:17 ubuntu kernel: [    0.141057] ACPI: Using IOAPIC for interrupt routing
Jan 17 09:54:17 ubuntu kernel: [    0.141167] PCI: Using host bridge windows from ACPI; if necessary, use "pci=nocrs" and report a bug
Jan 17 09:54:17 ubuntu kernel: [    0.159957] ACPI: No dock devices found.
Jan 17 09:54:17 ubuntu kernel: [    0.181770] ACPI: PCI Root Bridge [PCI0] (domain 0000 [bus 00-7f])
Jan 17 09:54:17 ubuntu kernel: [    0.181876] acpi PNP0A03:00: _OSC: OS supports [ExtendedConfig ASPM ClockPM Segments MSI]
Jan 17 09:54:17 ubuntu kernel: [    0.182184] acpi PNP0A03:00: _OSC: platform does not support [AER]
Jan 17 09:54:17 ubuntu kernel: [    0.182418] acpi PNP0A03:00: _OSC: OS now controls [PCIeHotplug PME PCIeCapability]
Jan 17 09:54:17 ubuntu kernel: [    0.184903] PCI host bridge to bus 0000:00
Jan 17 09:54:17 ubuntu kernel: [    0.184989] pci_bus 0000:00: root bus resource [bus 00-7f]
Jan 17 09:54:17 ubuntu kernel: [    0.185080] pci_bus 0000:00: root bus resource [mem 0x000a0000-0x000bffff]
Jan 17 09:54:17 ubuntu kernel: [    0.185179] pci_bus 0000:00: root bus resource [mem 0x000d0000-0x000d3fff]
Jan 17 09:54:17 ubuntu kernel: [    0.185279] pci_bus 0000:00: root bus resource [mem 0x000d4000-0x000d7fff]
Jan 17 09:54:17 ubuntu kernel: [    0.185379] pci_bus 0000:00: root bus resource [mem 0x000d8000-0x000dbfff]
Jan 17 09:54:17 ubuntu kernel: [    0.185478] pci_bus 0000:00: root bus resource [mem 0xc0000000-0xfebfffff]
Jan 17 09:54:17 ubuntu kernel: [    0.185577] pci_bus 0000:00: root bus resource [io  0x0000-0x0cf7]
Jan 17 09:54:17 ubuntu kernel: [    0.185673] pci_bus 0000:00: root bus resource [io  0x0d00-0xfeff]
Jan 17 09:54:17 ubuntu kernel: [    0.185833] pci 0000:00:00.0: [8086:7190] type 00 class 0x060000
Jan 17 09:54:17 ubuntu kernel: [    0.186365] pci 0000:00:01.0: [8086:7191] type 01 class 0x060400
Jan 17 09:54:17 ubuntu kernel: [    0.186835] pci 0000:00:07.0: [8086:7110] type 00 class 0x060100
Jan 17 09:54:17 ubuntu kernel: [    0.187494] pci 0000:00:07.1: [8086:7111] type 00 class 0x01018a
Jan 17 09:54:17 ubuntu kernel: [    0.188985] pci 0000:00:07.1: reg 0x20: [io  0x1060-0x106f]
Jan 17 09:54:17 ubuntu kernel: [    0.189774] pci 0000:00:07.3: [8086:7113] type 00 class 0x068000
Jan 17 09:54:17 ubuntu kernel: [    0.191567] pci 0000:00:07.3: quirk: [io  0x1000-0x103f] claimed by PIIX4 ACPI
Jan 17 09:54:17 ubuntu kernel: [    0.191709] pci 0000:00:07.3: quirk: [io  0x1040-0x104f] claimed by PIIX4 SMB
Jan 17 09:54:17 ubuntu kernel: [    0.192095] pci 0000:00:07.7: [15ad:0740] type 00 class 0x088000
Jan 17 09:54:17 ubuntu kernel: [    0.192655] pci 0000:00:07.7: reg 0x10: [io  0x1080-0x10bf]
Jan 17 09:54:17 ubuntu kernel: [    0.193201] pci 0000:00:07.7: reg 0x14: [mem 0xfebfe000-0xfebfffff 64bit]
Jan 17 09:54:17 ubuntu kernel: [    0.198616] pci 0000:00:0f.0: [15ad:0405] type 00 class 0x030000
Jan 17 09:54:17 ubuntu kernel: [    0.205503] pci 0000:00:0f.0: reg 0x10: [io  0x1070-0x107f]
Jan 17 09:54:17 ubuntu kernel: [    0.209817] pci 0000:00:0f.0: reg 0x14: [mem 0xe8000000-0xefffffff pref]
Jan 17 09:54:17 ubuntu kernel: [    0.213753] pci 0000:00:0f.0: reg 0x18: [mem 0xfe000000-0xfe7fffff]
Jan 17 09:54:17 ubuntu kernel: [    0.229834] pci 0000:00:0f.0: reg 0x30: [mem 0x00000000-0x00007fff pref]
Jan 17 09:54:17 ubuntu kernel: [    0.230360] pci 0000:00:10.0: [1000:0030] type 00 class 0x010000
Jan 17 09:54:17 ubuntu kernel: [    0.231101] pci 0000:00:10.0: reg 0x10: [io  0x1400-0x14ff]
Jan 17 09:54:17 ubuntu kernel: [    0.231818] pci 0000:00:10.0: reg 0x14: [mem 0xfeba0000-0xfebbffff 64bit]
Jan 17 09:54:17 ubuntu kernel: [    0.232510] pci 0000:00:10.0: reg 0x1c: [mem 0xfebc0000-0xfebdffff 64bit]
Jan 17 09:54:17 ubuntu kernel: [    0.234838] pci 0000:00:10.0: reg 0x30: [mem 0x00000000-0x00003fff pref]
Jan 17 09:54:17 ubuntu kernel: [    0.235966] pci 0000:00:11.0: [15ad:0790] type 01 class 0x060401
Jan 17 09:54:17 ubuntu kernel: [    0.237276] pci 0000:00:11.0: System wakeup disabled by ACPI
Jan 17 09:54:17 ubuntu kernel: [    0.237854] pci 0000:00:15.0: [15ad:07a0] type 01 class 0x060400
Jan 17 09:54:17 ubuntu kernel: [    0.239333] pci 0000:00:15.0: PME# supported from D0 D3hot D3cold
Jan 17 09:54:17 ubuntu kernel: [    0.239726] pci 0000:00:15.0: System wakeup disabled by ACPI
Jan 17 09:54:17 ubuntu kernel: [    0.240212] pci 0000:00:15.1: [15ad:07a0] type 01 class 0x060400
Jan 17 09:54:17 ubuntu kernel: [    0.241409] pci 0000:00:15.1: PME# supported from D0 D3hot D3cold
Jan 17 09:54:17 ubuntu kernel: [    0.241717] pci 0000:00:15.1: System wakeup disabled by ACPI
Jan 17 09:54:17 ubuntu kernel: [    0.242114] pci 0000:00:15.2: [15ad:07a0] type 01 class 0x060400
Jan 17 09:54:17 ubuntu kernel: [    0.243287] pci 0000:00:15.2: PME# supported from D0 D3hot D3cold
Jan 17 09:54:17 ubuntu kernel: [    0.243616] pci 0000:00:15.2: System wakeup disabled by ACPI
Jan 17 09:54:17 ubuntu kernel: [    0.243993] pci 0000:00:15.3: [15ad:07a0] type 01 class 0x060400
Jan 17 09:54:17 ubuntu kernel: [    0.245036] pci 0000:00:15.3: PME# supported from D0 D3hot D3cold
Jan 17 09:54:17 ubuntu kernel: [    0.245291] pci 0000:00:15.3: System wakeup disabled by ACPI
Jan 17 09:54:17 ubuntu kernel: [    0.245609] pci 0000:00:15.4: [15ad:07a0] type 01 class 0x060400
Jan 17 09:54:17 ubuntu kernel: [    0.246620] pci 0000:00:15.4: PME# supported from D0 D3hot D3cold
Jan 17 09:54:17 ubuntu kernel: [    0.246818] pci 0000:00:15.4: System wakeup disabled by ACPI
Jan 17 09:54:17 ubuntu kernel: [    0.247037] pci 0000:00:15.5: [15ad:07a0] type 01 class 0x060400
Jan 17 09:54:17 ubuntu kernel: [    0.247726] pci 0000:00:15.5: PME# supported from D0 D3hot D3cold
Jan 17 09:54:17 ubuntu kernel: [    0.247902] pci 0000:00:15.5: System wakeup disabled by ACPI
Jan 17 09:54:17 ubuntu kernel: [    0.248126] pci 0000:00:15.6: [15ad:07a0] type 01 class 0x060400
Jan 17 09:54:17 ubuntu kernel: [    0.248942] pci 0000:00:15.6: PME# supported from D0 D3hot D3cold
Jan 17 09:54:17 ubuntu kernel: [    0.249163] pci 0000:00:15.6: System wakeup disabled by ACPI
Jan 17 09:54:17 ubuntu kernel: [    0.249407] pci 0000:00:15.7: [15ad:07a0] type 01 class 0x060400
Jan 17 09:54:17 ubuntu kernel: [    0.250156] pci 0000:00:15.7: PME# supported from D0 D3hot D3cold
Jan 17 09:54:17 ubuntu kernel: [    0.250350] pci 0000:00:15.7: System wakeup disabled by ACPI
Jan 17 09:54:17 ubuntu kernel: [    0.250586] pci 0000:00:16.0: [15ad:07a0] type 01 class 0x060400
Jan 17 09:54:17 ubuntu kernel: [    0.251326] pci 0000:00:16.0: PME# supported from D0 D3hot D3cold
Jan 17 09:54:17 ubuntu kernel: [    0.251515] pci 0000:00:16.0: System wakeup disabled by ACPI
Jan 17 09:54:17 ubuntu kernel: [    0.251750] pci 0000:00:16.1: [15ad:07a0] type 01 class 0x060400
Jan 17 09:54:17 ubuntu kernel: [    0.252487] pci 0000:00:16.1: PME# supported from D0 D3hot D3cold
Jan 17 09:54:17 ubuntu kernel: [    0.252677] pci 0000:00:16.1: System wakeup disabled by ACPI
Jan 17 09:54:17 ubuntu kernel: [    0.252913] pci 0000:00:16.2: [15ad:07a0] type 01 class 0x060400
Jan 17 09:54:17 ubuntu kernel: [    0.253662] pci 0000:00:16.2: PME# supported from D0 D3hot D3cold
Jan 17 09:54:17 ubuntu kernel: [    0.253862] pci 0000:00:16.2: System wakeup disabled by ACPI
Jan 17 09:54:17 ubuntu kernel: [    0.254090] pci 0000:00:16.3: [15ad:07a0] type 01 class 0x060400
Jan 17 09:54:17 ubuntu kernel: [    0.254779] pci 0000:00:16.3: PME# supported from D0 D3hot D3cold
Jan 17 09:54:17 ubuntu kernel: [    0.254984] pci 0000:00:16.3: System wakeup disabled by ACPI
Jan 17 09:54:17 ubuntu kernel: [    0.255212] pci 0000:00:16.4: [15ad:07a0] type 01 class 0x060400
Jan 17 09:54:17 ubuntu kernel: [    0.255899] pci 0000:00:16.4: PME# supported from D0 D3hot D3cold
Jan 17 09:54:17 ubuntu kernel: [    0.256074] pci 0000:00:16.4: System wakeup disabled by ACPI
Jan 17 09:54:17 ubuntu kernel: [    0.256292] pci 0000:00:16.5: [15ad:07a0] type 01 class 0x060400
Jan 17 09:54:17 ubuntu kernel: [    0.256978] pci 0000:00:16.5: PME# supported from D0 D3hot D3cold
Jan 17 09:54:17 ubuntu kernel: [    0.257154] pci 0000:00:16.5: System wakeup disabled by ACPI
Jan 17 09:54:17 ubuntu kernel: [    0.257378] pci 0000:00:16.6: [15ad:07a0] type 01 class 0x060400
Jan 17 09:54:17 ubuntu kernel: [    0.258075] pci 0000:00:16.6: PME# supported from D0 D3hot D3cold
Jan 17 09:54:17 ubuntu kernel: [    0.258250] pci 0000:00:16.6: System wakeup disabled by ACPI
Jan 17 09:54:17 ubuntu kernel: [    0.258469] pci 0000:00:16.7: [15ad:07a0] type 01 class 0x060400
Jan 17 09:54:17 ubuntu kernel: [    0.259153] pci 0000:00:16.7: PME# supported from D0 D3hot D3cold
Jan 17 09:54:17 ubuntu kernel: [    0.259363] pci 0000:00:16.7: System wakeup disabled by ACPI
Jan 17 09:54:17 ubuntu kernel: [    0.259610] pci 0000:00:17.0: [15ad:07a0] type 01 class 0x060400
Jan 17 09:54:17 ubuntu kernel: [    0.260379] pci 0000:00:17.0: PME# supported from D0 D3hot D3cold
Jan 17 09:54:17 ubuntu kernel: [    0.260572] pci 0000:00:17.0: System wakeup disabled by ACPI
Jan 17 09:54:17 ubuntu kernel: [    0.260812] pci 0000:00:17.1: [15ad:07a0] type 01 class 0x060400
Jan 17 09:54:17 ubuntu kernel: [    0.261572] pci 0000:00:17.1: PME# supported from D0 D3hot D3cold
Jan 17 09:54:17 ubuntu kernel: [    0.261765] pci 0000:00:17.1: System wakeup disabled by ACPI
Jan 17 09:54:17 ubuntu kernel: [    0.262011] pci 0000:00:17.2: [15ad:07a0] type 01 class 0x060400
Jan 17 09:54:17 ubuntu kernel: [    0.262762] pci 0000:00:17.2: PME# supported from D0 D3hot D3cold
Jan 17 09:54:17 ubuntu kernel: [    0.262955] pci 0000:00:17.2: System wakeup disabled by ACPI
Jan 17 09:54:17 ubuntu kernel: [    0.263207] pci 0000:00:17.3: [15ad:07a0] type 01 class 0x060400
Jan 17 09:54:17 ubuntu kernel: [    0.263940] pci 0000:00:17.3: PME# supported from D0 D3hot D3cold
Jan 17 09:54:17 ubuntu kernel: [    0.264115] pci 0000:00:17.3: System wakeup disabled by ACPI
Jan 17 09:54:17 ubuntu kernel: [    0.264336] pci 0000:00:17.4: [15ad:07a0] type 01 class 0x060400
Jan 17 09:54:17 ubuntu kernel: [    0.265022] pci 0000:00:17.4: PME# supported from D0 D3hot D3cold
Jan 17 09:54:17 ubuntu kernel: [    0.265198] pci 0000:00:17.4: System wakeup disabled by ACPI
Jan 17 09:54:17 ubuntu kernel: [    0.265416] pci 0000:00:17.5: [15ad:07a0] type 01 class 0x060400
Jan 17 09:54:17 ubuntu kernel: [    0.266110] pci 0000:00:17.5: PME# supported from D0 D3hot D3cold
Jan 17 09:54:17 ubuntu kernel: [    0.266290] pci 0000:00:17.5: System wakeup disabled by ACPI
Jan 17 09:54:17 ubuntu kernel: [    0.266514] pci 0000:00:17.6: [15ad:07a0] type 01 class 0x060400
Jan 17 09:54:17 ubuntu kernel: [    0.267256] pci 0000:00:17.6: PME# supported from D0 D3hot D3cold
Jan 17 09:54:17 ubuntu kernel: [    0.267440] pci 0000:00:17.6: System wakeup disabled by ACPI
Jan 17 09:54:17 ubuntu kernel: [    0.267667] pci 0000:00:17.7: [15ad:07a0] type 01 class 0x060400
Jan 17 09:54:17 ubuntu kernel: [    0.268372] pci 0000:00:17.7: PME# supported from D0 D3hot D3cold
Jan 17 09:54:17 ubuntu kernel: [    0.268553] pci 0000:00:17.7: System wakeup disabled by ACPI
Jan 17 09:54:17 ubuntu kernel: [    0.268777] pci 0000:00:18.0: [15ad:07a0] type 01 class 0x060400
Jan 17 09:54:17 ubuntu kernel: [    0.269485] pci 0000:00:18.0: PME# supported from D0 D3hot D3cold
Jan 17 09:54:17 ubuntu kernel: [    0.269670] pci 0000:00:18.0: System wakeup disabled by ACPI
Jan 17 09:54:17 ubuntu kernel: [    0.269893] pci 0000:00:18.1: [15ad:07a0] type 01 class 0x060400
Jan 17 09:54:17 ubuntu kernel: [    0.270598] pci 0000:00:18.1: PME# supported from D0 D3hot D3cold
Jan 17 09:54:17 ubuntu kernel: [    0.270777] pci 0000:00:18.1: System wakeup disabled by ACPI
Jan 17 09:54:17 ubuntu kernel: [    0.271019] pci 0000:00:18.2: [15ad:07a0] type 01 class 0x060400
Jan 17 09:54:17 ubuntu kernel: [    0.271742] pci 0000:00:18.2: PME# supported from D0 D3hot D3cold
Jan 17 09:54:17 ubuntu kernel: [    0.271920] pci 0000:00:18.2: System wakeup disabled by ACPI
Jan 17 09:54:17 ubuntu kernel: [    0.272150] pci 0000:00:18.3: [15ad:07a0] type 01 class 0x060400
Jan 17 09:54:17 ubuntu kernel: [    0.272885] pci 0000:00:18.3: PME# supported from D0 D3hot D3cold
Jan 17 09:54:17 ubuntu kernel: [    0.273075] pci 0000:00:18.3: System wakeup disabled by ACPI
Jan 17 09:54:17 ubuntu kernel: [    0.273314] pci 0000:00:18.4: [15ad:07a0] type 01 class 0x060400
Jan 17 09:54:17 ubuntu kernel: [    0.274085] pci 0000:00:18.4: PME# supported from D0 D3hot D3cold
Jan 17 09:54:17 ubuntu kernel: [    0.274279] pci 0000:00:18.4: System wakeup disabled by ACPI
Jan 17 09:54:17 ubuntu kernel: [    0.274520] pci 0000:00:18.5: [15ad:07a0] type 01 class 0x060400
Jan 17 09:54:17 ubuntu kernel: [    0.275270] pci 0000:00:18.5: PME# supported from D0 D3hot D3cold
Jan 17 09:54:17 ubuntu kernel: [    0.275462] pci 0000:00:18.5: System wakeup disabled by ACPI
Jan 17 09:54:17 ubuntu kernel: [    0.275712] pci 0000:00:18.6: [15ad:07a0] type 01 class 0x060400
Jan 17 09:54:17 ubuntu kernel: [    0.276398] pci 0000:00:18.6: PME# supported from D0 D3hot D3cold
Jan 17 09:54:17 ubuntu kernel: [    0.276574] pci 0000:00:18.6: System wakeup disabled by ACPI
Jan 17 09:54:17 ubuntu kernel: [    0.276803] pci 0000:00:18.7: [15ad:07a0] type 01 class 0x060400
Jan 17 09:54:17 ubuntu kernel: [    0.277590] pci 0000:00:18.7: PME# supported from D0 D3hot D3cold
Jan 17 09:54:17 ubuntu kernel: [    0.277811] pci 0000:00:18.7: System wakeup disabled by ACPI
Jan 17 09:54:17 ubuntu kernel: [    0.278442] pci 0000:00:01.0: PCI bridge to [bus 01]
Jan 17 09:54:17 ubuntu kernel: [    0.278931] acpiphp: Slot [32] registered
Jan 17 09:54:17 ubuntu kernel: [    0.279031] acpiphp: Slot [33] registered
Jan 17 09:54:17 ubuntu kernel: [    0.279132] acpiphp: Slot [34] registered
Jan 17 09:54:17 ubuntu kernel: [    0.279229] acpiphp: Slot [35] registered
Jan 17 09:54:17 ubuntu kernel: [    0.279347] acpiphp: Slot [36] registered
Jan 17 09:54:17 ubuntu kernel: [    0.279442] acpiphp: Slot [37] registered
Jan 17 09:54:17 ubuntu kernel: [    0.279539] acpiphp: Slot [38] registered
Jan 17 09:54:17 ubuntu kernel: [    0.279634] acpiphp: Slot [39] registered
Jan 17 09:54:17 ubuntu kernel: [    0.279734] acpiphp: Slot [40] registered
Jan 17 09:54:17 ubuntu kernel: [    0.279830] acpiphp: Slot [41] registered
Jan 17 09:54:17 ubuntu kernel: [    0.279925] acpiphp: Slot [42] registered
Jan 17 09:54:17 ubuntu kernel: [    0.280024] acpiphp: Slot [43] registered
Jan 17 09:54:17 ubuntu kernel: [    0.280120] acpiphp: Slot [44] registered
Jan 17 09:54:17 ubuntu kernel: [    0.280228] acpiphp: Slot [45] registered
Jan 17 09:54:17 ubuntu kernel: [    0.280340] acpiphp: Slot [46] registered
Jan 17 09:54:17 ubuntu kernel: [    0.280452] acpiphp: Slot [47] registered
Jan 17 09:54:17 ubuntu kernel: [    0.280563] acpiphp: Slot [48] registered
Jan 17 09:54:17 ubuntu kernel: [    0.280674] acpiphp: Slot [49] registered
Jan 17 09:54:17 ubuntu kernel: [    0.280786] acpiphp: Slot [50] registered
Jan 17 09:54:17 ubuntu kernel: [    0.280904] acpiphp: Slot [51] registered
Jan 17 09:54:17 ubuntu kernel: [    0.281016] acpiphp: Slot [52] registered
Jan 17 09:54:17 ubuntu kernel: [    0.281135] acpiphp: Slot [53] registered
Jan 17 09:54:17 ubuntu kernel: [    0.281252] acpiphp: Slot [54] registered
Jan 17 09:54:17 ubuntu kernel: [    0.281347] acpiphp: Slot [55] registered
Jan 17 09:54:17 ubuntu kernel: [    0.281443] acpiphp: Slot [56] registered
Jan 17 09:54:17 ubuntu kernel: [    0.281538] acpiphp: Slot [57] registered
Jan 17 09:54:17 ubuntu kernel: [    0.281637] acpiphp: Slot [58] registered
Jan 17 09:54:17 ubuntu kernel: [    0.281754] acpiphp: Slot [59] registered
Jan 17 09:54:17 ubuntu kernel: [    0.281849] acpiphp: Slot [60] registered
Jan 17 09:54:17 ubuntu kernel: [    0.281945] acpiphp: Slot [61] registered
Jan 17 09:54:17 ubuntu kernel: [    0.282040] acpiphp: Slot [62] registered
Jan 17 09:54:17 ubuntu kernel: [    0.282149] acpiphp: Slot [63] registered
Jan 17 09:54:17 ubuntu kernel: [    0.282324] pci 0000:02:00.0: [15ad:0774] type 00 class 0x0c0300
Jan 17 09:54:17 ubuntu kernel: [    0.283775] pci 0000:02:00.0: reg 0x20: [io  0x2080-0x209f]
Jan 17 09:54:17 ubuntu kernel: [    0.284627] pci 0000:02:00.0: System wakeup disabled by ACPI
Jan 17 09:54:17 ubuntu kernel: [    0.284852] pci 0000:02:01.0: [8086:100f] type 00 class 0x020000
Jan 17 09:54:17 ubuntu kernel: [    0.285761] pci 0000:02:01.0: reg 0x10: [mem 0xfd5c0000-0xfd5dffff 64bit]
Jan 17 09:54:17 ubuntu kernel: [    0.286543] pci 0000:02:01.0: reg 0x18: [mem 0xfdff0000-0xfdffffff 64bit]
Jan 17 09:54:17 ubuntu kernel: [    0.287259] pci 0000:02:01.0: reg 0x20: [io  0x2000-0x203f]
Jan 17 09:54:17 ubuntu kernel: [    0.288684] pci 0000:02:01.0: reg 0x30: [mem 0x00000000-0x0000ffff pref]
Jan 17 09:54:17 ubuntu kernel: [    0.289074] pci 0000:02:01.0: System wakeup disabled by ACPI
Jan 17 09:54:17 ubuntu kernel: [    0.289266] pci 0000:02:02.0: [1274:1371] type 00 class 0x040100
Jan 17 09:54:17 ubuntu kernel: [    0.289648] pci 0000:02:02.0: reg 0x10: [io  0x2040-0x207f]
Jan 17 09:54:17 ubuntu kernel: [    0.291662] pci 0000:02:02.0: System wakeup disabled by ACPI
Jan 17 09:54:17 ubuntu kernel: [    0.291836] pci 0000:02:03.0: [15ad:0770] type 00 class 0x0c0320
Jan 17 09:54:17 ubuntu kernel: [    0.292207] pci 0000:02:03.0: reg 0x10: [mem 0xfd5ef000-0xfd5effff]
Jan 17 09:54:17 ubuntu kernel: [    0.294280] pci 0000:02:03.0: System wakeup disabled by ACPI
Jan 17 09:54:17 ubuntu kernel: [    0.294540] pci 0000:02:05.0: [15ad:07e0] type 00 class 0x010601
Jan 17 09:54:17 ubuntu kernel: [    0.296524] pci 0000:02:05.0: reg 0x24: [mem 0xfd5ee000-0xfd5eefff]
Jan 17 09:54:17 ubuntu kernel: [    0.296845] pci 0000:02:05.0: reg 0x30: [mem 0x00000000-0x0000ffff pref]
Jan 17 09:54:17 ubuntu kernel: [    0.297306] pci 0000:02:05.0: PME# supported from D3hot
Jan 17 09:54:17 ubuntu kernel: [    0.297458] pci 0000:02:05.0: System wakeup disabled by ACPI
Jan 17 09:54:17 ubuntu kernel: [    0.297847] pci 0000:00:11.0: PCI bridge to [bus 02] (subtractive decode)
Jan 17 09:54:17 ubuntu kernel: [    0.297961] pci 0000:00:11.0:   bridge window [io  0x2000-0x3fff]
Jan 17 09:54:17 ubuntu kernel: [    0.297983] pci 0000:00:11.0:   bridge window [mem 0xfd500000-0xfdffffff]
Jan 17 09:54:17 ubuntu kernel: [    0.298024] pci 0000:00:11.0:   bridge window [mem 0xe7b00000-0xe7ffffff 64bit pref]
Jan 17 09:54:17 ubuntu kernel: [    0.298026] pci 0000:00:11.0:   bridge window [mem 0x000a0000-0x000bffff] (subtractive decode)
Jan 17 09:54:17 ubuntu kernel: [    0.298027] pci 0000:00:11.0:   bridge window [mem 0x000d0000-0x000d3fff] (subtractive decode)
Jan 17 09:54:17 ubuntu kernel: [    0.298028] pci 0000:00:11.0:   bridge window [mem 0x000d4000-0x000d7fff] (subtractive decode)
Jan 17 09:54:17 ubuntu kernel: [    0.298029] pci 0000:00:11.0:   bridge window [mem 0x000d8000-0x000dbfff] (subtractive decode)
Jan 17 09:54:17 ubuntu kernel: [    0.298030] pci 0000:00:11.0:   bridge window [mem 0xc0000000-0xfebfffff] (subtractive decode)
Jan 17 09:54:17 ubuntu kernel: [    0.298031] pci 0000:00:11.0:   bridge window [io  0x0000-0x0cf7] (subtractive decode)
Jan 17 09:54:17 ubuntu kernel: [    0.298032] pci 0000:00:11.0:   bridge window [io  0x0d00-0xfeff] (subtractive decode)
Jan 17 09:54:17 ubuntu kernel: [    0.298487] pci 0000:00:15.0: PCI bridge to [bus 03]
Jan 17 09:54:17 ubuntu kernel: [    0.298591] pci 0000:00:15.0:   bridge window [io  0x4000-0x4fff]
Jan 17 09:54:17 ubuntu kernel: [    0.298613] pci 0000:00:15.0:   bridge window [mem 0xfd400000-0xfd4fffff]
Jan 17 09:54:17 ubuntu kernel: [    0.298654] pci 0000:00:15.0:   bridge window [mem 0xe7a00000-0xe7afffff 64bit pref]
Jan 17 09:54:17 ubuntu kernel: [    0.299090] pci 0000:00:15.1: PCI bridge to [bus 04]
Jan 17 09:54:17 ubuntu kernel: [    0.299194] pci 0000:00:15.1:   bridge window [io  0x8000-0x8fff]
Jan 17 09:54:17 ubuntu kernel: [    0.299215] pci 0000:00:15.1:   bridge window [mem 0xfd000000-0xfd0fffff]
Jan 17 09:54:17 ubuntu kernel: [    0.299257] pci 0000:00:15.1:   bridge window [mem 0xe7600000-0xe76fffff 64bit pref]
Jan 17 09:54:17 ubuntu kernel: [    0.299666] pci 0000:00:15.2: PCI bridge to [bus 05]
Jan 17 09:54:17 ubuntu kernel: [    0.299770] pci 0000:00:15.2:   bridge window [io  0xc000-0xcfff]
Jan 17 09:54:17 ubuntu kernel: [    0.299792] pci 0000:00:15.2:   bridge window [mem 0xfcc00000-0xfccfffff]
Jan 17 09:54:17 ubuntu kernel: [    0.299833] pci 0000:00:15.2:   bridge window [mem 0xe7200000-0xe72fffff 64bit pref]
Jan 17 09:54:17 ubuntu kernel: [    0.300243] pci 0000:00:15.3: PCI bridge to [bus 06]
Jan 17 09:54:17 ubuntu kernel: [    0.300367] pci 0000:00:15.3:   bridge window [mem 0xfc800000-0xfc8fffff]
Jan 17 09:54:17 ubuntu kernel: [    0.300408] pci 0000:00:15.3:   bridge window [mem 0xe6e00000-0xe6efffff 64bit pref]
Jan 17 09:54:17 ubuntu kernel: [    0.300820] pci 0000:00:15.4: PCI bridge to [bus 07]
Jan 17 09:54:17 ubuntu kernel: [    0.300943] pci 0000:00:15.4:   bridge window [mem 0xfc400000-0xfc4fffff]
Jan 17 09:54:17 ubuntu kernel: [    0.300984] pci 0000:00:15.4:   bridge window [mem 0xe6a00000-0xe6afffff 64bit pref]
Jan 17 09:54:17 ubuntu kernel: [    0.301392] pci 0000:00:15.5: PCI bridge to [bus 08]
Jan 17 09:54:17 ubuntu kernel: [    0.301516] pci 0000:00:15.5:   bridge window [mem 0xfc000000-0xfc0fffff]
Jan 17 09:54:17 ubuntu kernel: [    0.301558] pci 0000:00:15.5:   bridge window [mem 0xe6600000-0xe66fffff 64bit pref]
Jan 17 09:54:17 ubuntu kernel: [    0.301969] pci 0000:00:15.6: PCI bridge to [bus 09]
Jan 17 09:54:17 ubuntu kernel: [    0.302090] pci 0000:00:15.6:   bridge window [mem 0xfbc00000-0xfbcfffff]
Jan 17 09:54:17 ubuntu kernel: [    0.302130] pci 0000:00:15.6:   bridge window [mem 0xe6200000-0xe62fffff 64bit pref]
Jan 17 09:54:17 ubuntu kernel: [    0.302533] pci 0000:00:15.7: PCI bridge to [bus 0a]
Jan 17 09:54:17 ubuntu kernel: [    0.302652] pci 0000:00:15.7:   bridge window [mem 0xfb800000-0xfb8fffff]
Jan 17 09:54:17 ubuntu kernel: [    0.302692] pci 0000:00:15.7:   bridge window [mem 0xe5e00000-0xe5efffff 64bit pref]
Jan 17 09:54:17 ubuntu kernel: [    0.303080] pci 0000:00:16.0: PCI bridge to [bus 0b]
Jan 17 09:54:17 ubuntu kernel: [    0.303180] pci 0000:00:16.0:   bridge window [io  0x5000-0x5fff]
Jan 17 09:54:17 ubuntu kernel: [    0.303201] pci 0000:00:16.0:   bridge window [mem 0xfd300000-0xfd3fffff]
Jan 17 09:54:17 ubuntu kernel: [    0.303240] pci 0000:00:16.0:   bridge window [mem 0xe7900000-0xe79fffff 64bit pref]
Jan 17 09:54:17 ubuntu kernel: [    0.303660] pci 0000:00:16.1: PCI bridge to [bus 0c]
Jan 17 09:54:17 ubuntu kernel: [    0.303770] pci 0000:00:16.1:   bridge window [io  0x9000-0x9fff]
Jan 17 09:54:17 ubuntu kernel: [    0.303794] pci 0000:00:16.1:   bridge window [mem 0xfcf00000-0xfcffffff]
Jan 17 09:54:17 ubuntu kernel: [    0.304116] pci 0000:00:16.1:   bridge window [mem 0xe7500000-0xe75fffff 64bit pref]
Jan 17 09:54:17 ubuntu kernel: [    0.304959] pci 0000:00:16.2: PCI bridge to [bus 0d]
Jan 17 09:54:17 ubuntu kernel: [    0.305073] pci 0000:00:16.2:   bridge window [io  0xd000-0xdfff]
Jan 17 09:54:17 ubuntu kernel: [    0.305097] pci 0000:00:16.2:   bridge window [mem 0xfcb00000-0xfcbfffff]
Jan 17 09:54:17 ubuntu kernel: [    0.305141] pci 0000:00:16.2:   bridge window [mem 0xe7100000-0xe71fffff 64bit pref]
Jan 17 09:54:17 ubuntu kernel: [    0.305593] pci 0000:00:16.3: PCI bridge to [bus 0e]
Jan 17 09:54:17 ubuntu kernel: [    0.305724] pci 0000:00:16.3:   bridge window [mem 0xfc700000-0xfc7fffff]
Jan 17 09:54:17 ubuntu kernel: [    0.305768] pci 0000:00:16.3:   bridge window [mem 0xe6d00000-0xe6dfffff 64bit pref]
Jan 17 09:54:17 ubuntu kernel: [    0.306534] pci 0000:00:16.4: PCI bridge to [bus 0f]
Jan 17 09:54:17 ubuntu kernel: [    0.306669] pci 0000:00:16.4:   bridge window [mem 0xfc300000-0xfc3fffff]
Jan 17 09:54:17 ubuntu kernel: [    0.306789] pci 0000:00:16.4:   bridge window [mem 0xe6900000-0xe69fffff 64bit pref]
Jan 17 09:54:17 ubuntu kernel: [    0.307909] pci 0000:00:16.5: PCI bridge to [bus 10]
Jan 17 09:54:17 ubuntu kernel: [    0.308172] pci 0000:00:16.5:   bridge window [mem 0xfbf00000-0xfbffffff]
Jan 17 09:54:17 ubuntu kernel: [    0.308260] pci 0000:00:16.5:   bridge window [mem 0xe6500000-0xe65fffff 64bit pref]
Jan 17 09:54:17 ubuntu kernel: [    0.308965] pci 0000:00:16.6: PCI bridge to [bus 11]
Jan 17 09:54:17 ubuntu kernel: [    0.309227] pci 0000:00:16.6:   bridge window [mem 0xfbb00000-0xfbbfffff]
Jan 17 09:54:17 ubuntu kernel: [    0.309315] pci 0000:00:16.6:   bridge window [mem 0xe6100000-0xe61fffff 64bit pref]
Jan 17 09:54:17 ubuntu kernel: [    0.310184] pci 0000:00:16.7: PCI bridge to [bus 12]
Jan 17 09:54:17 ubuntu kernel: [    0.310465] pci 0000:00:16.7:   bridge window [mem 0xfb700000-0xfb7fffff]
Jan 17 09:54:17 ubuntu kernel: [    0.310552] pci 0000:00:16.7:   bridge window [mem 0xe5d00000-0xe5dfffff 64bit pref]
Jan 17 09:54:17 ubuntu kernel: [    0.311400] pci 0000:00:17.0: PCI bridge to [bus 13]
Jan 17 09:54:17 ubuntu kernel: [    0.311621] pci 0000:00:17.0:   bridge window [io  0x6000-0x6fff]
Jan 17 09:54:17 ubuntu kernel: [    0.311687] pci 0000:00:17.0:   bridge window [mem 0xfd200000-0xfd2fffff]
Jan 17 09:54:17 ubuntu kernel: [    0.311765] pci 0000:00:17.0:   bridge window [mem 0xe7800000-0xe78fffff 64bit pref]
Jan 17 09:54:17 ubuntu kernel: [    0.312452] pci 0000:00:17.1: PCI bridge to [bus 14]
Jan 17 09:54:17 ubuntu kernel: [    0.312628] pci 0000:00:17.1:   bridge window [io  0xa000-0xafff]
Jan 17 09:54:17 ubuntu kernel: [    0.312664] pci 0000:00:17.1:   bridge window [mem 0xfce00000-0xfcefffff]
Jan 17 09:54:17 ubuntu kernel: [    0.312733] pci 0000:00:17.1:   bridge window [mem 0xe7400000-0xe74fffff 64bit pref]
Jan 17 09:54:17 ubuntu kernel: [    0.313416] pci 0000:00:17.2: PCI bridge to [bus 15]
Jan 17 09:54:17 ubuntu kernel: [    0.313592] pci 0000:00:17.2:   bridge window [io  0xe000-0xefff]
Jan 17 09:54:17 ubuntu kernel: [    0.313629] pci 0000:00:17.2:   bridge window [mem 0xfca00000-0xfcafffff]
Jan 17 09:54:17 ubuntu kernel: [    0.313697] pci 0000:00:17.2:   bridge window [mem 0xe7000000-0xe70fffff 64bit pref]
Jan 17 09:54:17 ubuntu kernel: [    0.314401] pci 0000:00:17.3: PCI bridge to [bus 16]
Jan 17 09:54:17 ubuntu kernel: [    0.314610] pci 0000:00:17.3:   bridge window [mem 0xfc600000-0xfc6fffff]
Jan 17 09:54:17 ubuntu kernel: [    0.314680] pci 0000:00:17.3:   bridge window [mem 0xe6c00000-0xe6cfffff 64bit pref]
Jan 17 09:54:17 ubuntu kernel: [    0.315388] pci 0000:00:17.4: PCI bridge to [bus 17]
Jan 17 09:54:17 ubuntu kernel: [    0.315661] pci 0000:00:17.4:   bridge window [mem 0xfc200000-0xfc2fffff]
Jan 17 09:54:17 ubuntu kernel: [    0.315735] pci 0000:00:17.4:   bridge window [mem 0xe6800000-0xe68fffff 64bit pref]
Jan 17 09:54:17 ubuntu kernel: [    0.316455] pci 0000:00:17.5: PCI bridge to [bus 18]
Jan 17 09:54:17 ubuntu kernel: [    0.316668] pci 0000:00:17.5:   bridge window [mem 0xfbe00000-0xfbefffff]
Jan 17 09:54:17 ubuntu kernel: [    0.316739] pci 0000:00:17.5:   bridge window [mem 0xe6400000-0xe64fffff 64bit pref]
Jan 17 09:54:17 ubuntu kernel: [    0.317468] pci 0000:00:17.6: PCI bridge to [bus 19]
Jan 17 09:54:17 ubuntu kernel: [    0.317680] pci 0000:00:17.6:   bridge window [mem 0xfba00000-0xfbafffff]
Jan 17 09:54:17 ubuntu kernel: [    0.317751] pci 0000:00:17.6:   bridge window [mem 0xe6000000-0xe60fffff 64bit pref]
Jan 17 09:54:17 ubuntu kernel: [    0.318468] pci 0000:00:17.7: PCI bridge to [bus 1a]
Jan 17 09:54:17 ubuntu kernel: [    0.318703] pci 0000:00:17.7:   bridge window [mem 0xfb600000-0xfb6fffff]
Jan 17 09:54:17 ubuntu kernel: [    0.318761] pci 0000:00:17.7:   bridge window [mem 0xe5c00000-0xe5cfffff 64bit pref]
Jan 17 09:54:17 ubuntu kernel: [    0.319356] pci 0000:00:18.0: PCI bridge to [bus 1b]
Jan 17 09:54:17 ubuntu kernel: [    0.319503] pci 0000:00:18.0:   bridge window [io  0x7000-0x7fff]
Jan 17 09:54:17 ubuntu kernel: [    0.319534] pci 0000:00:18.0:   bridge window [mem 0xfd100000-0xfd1fffff]
Jan 17 09:54:17 ubuntu kernel: [    0.319592] pci 0000:00:18.0:   bridge window [mem 0xe7700000-0xe77fffff 64bit pref]
Jan 17 09:54:17 ubuntu kernel: [    0.320176] pci 0000:00:18.1: PCI bridge to [bus 1c]
Jan 17 09:54:17 ubuntu kernel: [    0.320323] pci 0000:00:18.1:   bridge window [io  0xb000-0xbfff]
Jan 17 09:54:17 ubuntu kernel: [    0.320354] pci 0000:00:18.1:   bridge window [mem 0xfcd00000-0xfcdfffff]
Jan 17 09:54:17 ubuntu kernel: [    0.320413] pci 0000:00:18.1:   bridge window [mem 0xe7300000-0xe73fffff 64bit pref]
Jan 17 09:54:17 ubuntu kernel: [    0.321015] pci 0000:00:18.2: PCI bridge to [bus 1d]
Jan 17 09:54:17 ubuntu kernel: [    0.321203] pci 0000:00:18.2:   bridge window [mem 0xfc900000-0xfc9fffff]
Jan 17 09:54:17 ubuntu kernel: [    0.321256] pci 0000:00:18.2:   bridge window [mem 0xe6f00000-0xe6ffffff 64bit pref]
Jan 17 09:54:17 ubuntu kernel: [    0.321653] pci 0000:00:18.3: PCI bridge to [bus 1e]
Jan 17 09:54:17 ubuntu kernel: [    0.321781] pci 0000:00:18.3:   bridge window [mem 0xfc500000-0xfc5fffff]
Jan 17 09:54:17 ubuntu kernel: [    0.321820] pci 0000:00:18.3:   bridge window [mem 0xe6b00000-0xe6bfffff 64bit pref]
Jan 17 09:54:17 ubuntu kernel: [    0.322235] pci 0000:00:18.4: PCI bridge to [bus 1f]
Jan 17 09:54:17 ubuntu kernel: [    0.322379] pci 0000:00:18.4:   bridge window [mem 0xfc100000-0xfc1fffff]
Jan 17 09:54:17 ubuntu kernel: [    0.322427] pci 0000:00:18.4:   bridge window [mem 0xe6700000-0xe67fffff 64bit pref]
Jan 17 09:54:17 ubuntu kernel: [    0.322835] pci 0000:00:18.5: PCI bridge to [bus 20]
Jan 17 09:54:17 ubuntu kernel: [    0.322957] pci 0000:00:18.5:   bridge window [mem 0xfbd00000-0xfbdfffff]
Jan 17 09:54:17 ubuntu kernel: [    0.322998] pci 0000:00:18.5:   bridge window [mem 0xe6300000-0xe63fffff 64bit pref]
Jan 17 09:54:17 ubuntu kernel: [    0.323404] pci 0000:00:18.6: PCI bridge to [bus 21]
Jan 17 09:54:17 ubuntu kernel: [    0.323527] pci 0000:00:18.6:   bridge window [mem 0xfb900000-0xfb9fffff]
Jan 17 09:54:17 ubuntu kernel: [    0.323568] pci 0000:00:18.6:   bridge window [mem 0xe5f00000-0xe5ffffff 64bit pref]
Jan 17 09:54:17 ubuntu kernel: [    0.323972] pci 0000:00:18.7: PCI bridge to [bus 22]
Jan 17 09:54:17 ubuntu kernel: [    0.324095] pci 0000:00:18.7:   bridge window [mem 0xfb500000-0xfb5fffff]
Jan 17 09:54:17 ubuntu kernel: [    0.324135] pci 0000:00:18.7:   bridge window [mem 0xe5b00000-0xe5bfffff 64bit pref]
Jan 17 09:54:17 ubuntu kernel: [    0.326133] ACPI: PCI Interrupt Link [LNKA] (IRQs 3 4 5 6 7 *9 10 11 14 15)
Jan 17 09:54:17 ubuntu kernel: [    0.326564] ACPI: PCI Interrupt Link [LNKB] (IRQs 3 4 5 6 7 9 10 *11 14 15)
Jan 17 09:54:17 ubuntu kernel: [    0.326966] ACPI: PCI Interrupt Link [LNKC] (IRQs 3 4 5 6 7 9 *10 11 14 15)
Jan 17 09:54:17 ubuntu kernel: [    0.327368] ACPI: PCI Interrupt Link [LNKD] (IRQs 3 4 5 6 *7 9 10 11 14 15)
Jan 17 09:54:17 ubuntu kernel: [    0.339241] ACPI: Enabled 2 GPEs in block 00 to 0F
Jan 17 09:54:17 ubuntu kernel: [    0.339376] ACPI: \_SB_.PCI0: notify handler is installed
Jan 17 09:54:17 ubuntu kernel: [    0.339505] Found 1 acpi root devices
Jan 17 09:54:17 ubuntu kernel: [    0.339615] vgaarb: setting as boot device: PCI:0000:00:0f.0
Jan 17 09:54:17 ubuntu kernel: [    0.339709] vgaarb: device added: PCI:0000:00:0f.0,decodes=io+mem,owns=io+mem,locks=none
Jan 17 09:54:17 ubuntu kernel: [    0.339857] vgaarb: loaded
Jan 17 09:54:17 ubuntu kernel: [    0.339950] vgaarb: bridge control possible 0000:00:0f.0
Jan 17 09:54:17 ubuntu kernel: [    0.340174] SCSI subsystem initialized
Jan 17 09:54:17 ubuntu kernel: [    0.340332] libata version 3.00 loaded.
Jan 17 09:54:17 ubuntu kernel: [    0.340348] ACPI: bus type USB registered
Jan 17 09:54:17 ubuntu kernel: [    0.340447] usbcore: registered new interface driver usbfs
Jan 17 09:54:17 ubuntu kernel: [    0.340541] usbcore: registered new interface driver hub
Jan 17 09:54:17 ubuntu kernel: [    0.340649] usbcore: registered new device driver usb
Jan 17 09:54:17 ubuntu kernel: [    0.340901] PCI: Using ACPI for IRQ routing
Jan 17 09:54:17 ubuntu kernel: [    0.375665] PCI: pci_cache_line_size set to 64 bytes
Jan 17 09:54:17 ubuntu kernel: [    0.377565] e820: reserve RAM buffer [mem 0x0009e800-0x0009ffff]
Jan 17 09:54:17 ubuntu kernel: [    0.377569] e820: reserve RAM buffer [mem 0x3fee0000-0x3fffffff]
Jan 17 09:54:17 ubuntu kernel: [    0.377723] NetLabel: Initializing
Jan 17 09:54:17 ubuntu kernel: [    0.377857] NetLabel:  domain hash size = 128
Jan 17 09:54:17 ubuntu kernel: [    0.377989] NetLabel:  protocols = UNLABELED CIPSOv4
Jan 17 09:54:17 ubuntu kernel: [    0.378138] NetLabel:  unlabeled traffic allowed by default
Jan 17 09:54:17 ubuntu kernel: [    0.378933] hpet0: at MMIO 0xfed00000, IRQs 2, 8, 0, 0, 0, 0, 0, 0, 0, 0, 0, 0, 0, 0, 0, 0
Jan 17 09:54:17 ubuntu kernel: [    0.379681] hpet0: 16 comparators, 64-bit 14.318180 MHz counter
Jan 17 09:54:17 ubuntu kernel: [    0.383997] Switched to clocksource hpet
Jan 17 09:54:17 ubuntu kernel: [    0.390709] AppArmor: AppArmor Filesystem Enabled
Jan 17 09:54:17 ubuntu kernel: [    0.390840] pnp: PnP ACPI init
Jan 17 09:54:17 ubuntu kernel: [    0.390927] ACPI: bus type PNP registered
Jan 17 09:54:17 ubuntu kernel: [    0.391185] system 00:00: [io  0x1000-0x103f] could not be reserved
Jan 17 09:54:17 ubuntu kernel: [    0.391301] system 00:00: [io  0x1040-0x104f] has been reserved
Jan 17 09:54:17 ubuntu kernel: [    0.391415] system 00:00: [io  0x0cf0-0x0cf1] has been reserved
Jan 17 09:54:17 ubuntu kernel: [    0.391531] system 00:00: Plug and Play ACPI device, IDs PNP0c02 (active)
Jan 17 09:54:17 ubuntu kernel: [    0.391541] pnp 00:01: [dma 4]
Jan 17 09:54:17 ubuntu kernel: [    0.391553] pnp 00:01: Plug and Play ACPI device, IDs PNP0200 (active)
Jan 17 09:54:17 ubuntu kernel: [    0.391576] pnp 00:02: Plug and Play ACPI device, IDs PNP0001 (active)
Jan 17 09:54:17 ubuntu kernel: [    0.391617] pnp 00:03: Plug and Play ACPI device, IDs PNP0b00 (active)
Jan 17 09:54:17 ubuntu kernel: [    0.391635] pnp 00:04: Plug and Play ACPI device, IDs PNP0800 (active)
Jan 17 09:54:17 ubuntu kernel: [    0.391656] pnp 00:05: Plug and Play ACPI device, IDs PNP0303 (active)
Jan 17 09:54:17 ubuntu kernel: [    0.391680] pnp 00:06: Plug and Play ACPI device, IDs PNP0f13 (active)
Jan 17 09:54:17 ubuntu kernel: [    0.391918] system 00:07: [mem 0xfed00000-0xfed003ff] has been reserved
Jan 17 09:54:17 ubuntu kernel: [    0.392063] system 00:07: Plug and Play ACPI device, IDs PNP0103 PNP0c01 (active)
Jan 17 09:54:17 ubuntu kernel: [    0.393668] pnp 00:08: Plug and Play ACPI device, IDs PNP0501 (active)
Jan 17 09:54:17 ubuntu kernel: [    0.393997] pnp 00:09: [dma 2]
Jan 17 09:54:17 ubuntu kernel: [    0.394034] pnp 00:09: Plug and Play ACPI device, IDs PNP0700 (active)
Jan 17 09:54:17 ubuntu kernel: [    0.394240] system 00:0a: [io  0xfce0-0xfcff] has been reserved
Jan 17 09:54:17 ubuntu kernel: [    0.394361] system 00:0a: [mem 0xf0000000-0xf7ffffff] has been reserved
Jan 17 09:54:17 ubuntu kernel: [    0.394463] system 00:0a: [mem 0xfe800000-0xfe9fffff] has been reserved
Jan 17 09:54:17 ubuntu kernel: [    0.394564] system 00:0a: Plug and Play ACPI device, IDs PNP0c02 (active)
Jan 17 09:54:17 ubuntu kernel: [    0.400746] pnp: PnP ACPI: found 11 devices
Jan 17 09:54:17 ubuntu kernel: [    0.400851] ACPI: bus type PNP unregistered
Jan 17 09:54:17 ubuntu kernel: [    0.406872] pci 0000:00:15.3: bridge window [io  0x1000-0x0fff] to [bus 06] add_size 1000
Jan 17 09:54:17 ubuntu kernel: [    0.406934] pci 0000:00:15.4: bridge window [io  0x1000-0x0fff] to [bus 07] add_size 1000
Jan 17 09:54:17 ubuntu kernel: [    0.406995] pci 0000:00:15.5: bridge window [io  0x1000-0x0fff] to [bus 08] add_size 1000
Jan 17 09:54:17 ubuntu kernel: [    0.407056] pci 0000:00:15.6: bridge window [io  0x1000-0x0fff] to [bus 09] add_size 1000
Jan 17 09:54:17 ubuntu kernel: [    0.407117] pci 0000:00:15.7: bridge window [io  0x1000-0x0fff] to [bus 0a] add_size 1000
Jan 17 09:54:17 ubuntu kernel: [    0.407373] pci 0000:00:16.3: bridge window [io  0x1000-0x0fff] to [bus 0e] add_size 1000
Jan 17 09:54:17 ubuntu kernel: [    0.407435] pci 0000:00:16.4: bridge window [io  0x1000-0x0fff] to [bus 0f] add_size 1000
Jan 17 09:54:17 ubuntu kernel: [    0.407496] pci 0000:00:16.5: bridge window [io  0x1000-0x0fff] to [bus 10] add_size 1000
Jan 17 09:54:17 ubuntu kernel: [    0.407557] pci 0000:00:16.6: bridge window [io  0x1000-0x0fff] to [bus 11] add_size 1000
Jan 17 09:54:17 ubuntu kernel: [    0.407618] pci 0000:00:16.7: bridge window [io  0x1000-0x0fff] to [bus 12] add_size 1000
Jan 17 09:54:17 ubuntu kernel: [    0.407853] pci 0000:00:17.3: bridge window [io  0x1000-0x0fff] to [bus 16] add_size 1000
Jan 17 09:54:17 ubuntu kernel: [    0.407914] pci 0000:00:17.4: bridge window [io  0x1000-0x0fff] to [bus 17] add_size 1000
Jan 17 09:54:17 ubuntu kernel: [    0.407975] pci 0000:00:17.5: bridge window [io  0x1000-0x0fff] to [bus 18] add_size 1000
Jan 17 09:54:17 ubuntu kernel: [    0.408057] pci 0000:00:17.6: bridge window [io  0x1000-0x0fff] to [bus 19] add_size 1000
Jan 17 09:54:17 ubuntu kernel: [    0.408138] pci 0000:00:17.7: bridge window [io  0x1000-0x0fff] to [bus 1a] add_size 1000
Jan 17 09:54:17 ubuntu kernel: [    0.408312] pci 0000:00:18.2: bridge window [io  0x1000-0x0fff] to [bus 1d] add_size 1000
Jan 17 09:54:17 ubuntu kernel: [    0.408372] pci 0000:00:18.3: bridge window [io  0x1000-0x0fff] to [bus 1e] add_size 1000
Jan 17 09:54:17 ubuntu kernel: [    0.408431] pci 0000:00:18.4: bridge window [io  0x1000-0x0fff] to [bus 1f] add_size 1000
Jan 17 09:54:17 ubuntu kernel: [    0.408491] pci 0000:00:18.5: bridge window [io  0x1000-0x0fff] to [bus 20] add_size 1000
Jan 17 09:54:17 ubuntu kernel: [    0.408551] pci 0000:00:18.6: bridge window [io  0x1000-0x0fff] to [bus 21] add_size 1000
Jan 17 09:54:17 ubuntu kernel: [    0.408610] pci 0000:00:18.7: bridge window [io  0x1000-0x0fff] to [bus 22] add_size 1000
Jan 17 09:54:17 ubuntu kernel: [    0.408622] pci 0000:00:15.3: res[13]=[io  0x1000-0x0fff] get_res_add_size add_size 1000
Jan 17 09:54:17 ubuntu kernel: [    0.408623] pci 0000:00:15.4: res[13]=[io  0x1000-0x0fff] get_res_add_size add_size 1000
Jan 17 09:54:17 ubuntu kernel: [    0.408624] pci 0000:00:15.5: res[13]=[io  0x1000-0x0fff] get_res_add_size add_size 1000
Jan 17 09:54:17 ubuntu kernel: [    0.408625] pci 0000:00:15.6: res[13]=[io  0x1000-0x0fff] get_res_add_size add_size 1000
